Component: ARM Compiler 5.06 update 6 (build 750) Tool: armlink [4d35ed]

==============================================================================

Section Cross References

    app.o(i.app_init) refers to app.o(i.beep_check) for beep_check
    app.o(i.app_init) refers to app.o(i.appvar_init) for appvar_init
    app.o(i.app_init) refers to app.o(i.banner_init) for banner_init
    app.o(i.app_init) refers to protect.o(i.protect_init) for protect_init
    app.o(i.app_init) refers to protect.o(i.protect_auth) for protect_auth
    app.o(i.app_init) refers to app.o(i.service_init) for service_init
    app.o(i.app_update) refers to memcmp.o(.text) for memcmp
    app.o(i.app_update) refers to log.o(i.log_puts) for log_puts
    app.o(i.app_update) refers to dfu.o(i.dfu_setup) for dfu_setup
    app.o(i.appvar_init) refers to _printf_percent.o(.ARM.Collect$$_printf_percent$$00000000) for _printf_percent
    app.o(i.appvar_init) refers to _printf_s.o(.ARM.Collect$$_printf_percent$$00000014) for _printf_s
    app.o(i.appvar_init) refers to _printf_str.o(.text) for _printf_str
    app.o(i.appvar_init) refers to track.o(i.track_init) for track_init
    app.o(i.appvar_init) refers to syscfg.o(i.syscfg_read) for syscfg_read
    app.o(i.appvar_init) refers to appcfg.o(i.appcfg_read) for appcfg_read
    app.o(i.appvar_init) refers to rt_memclr_w.o(.text) for __aeabi_memclr4
    app.o(i.appvar_init) refers to __2sprintf.o(.text) for __2sprintf
    app.o(i.appvar_init) refers to app.o(.bss) for syscfg
    app.o(i.banner_init) refers to app.o(i.print_osver) for print_osver
    app.o(i.banner_init) refers to app.o(i.print_reset) for print_reset
    app.o(i.banner_init) refers to app.o(i.print_swver) for print_swver
    app.o(i.beep_check) refers to beep.o(i.beep_open) for beep_open
    app.o(i.beep_check) refers to thread.o(i.thread_sleep) for thread_sleep
    app.o(i.beep_check) refers to beep.o(i.beep_close) for beep_close
    app.o(i.print_osver) refers to kernel.o(i.kernel_version) for kernel_version
    app.o(i.print_osver) refers to log.o(i.log_puts) for log_puts
    app.o(i.print_reset) refers to rt_memcpy_w.o(.text) for __aeabi_memcpy4
    app.o(i.print_reset) refers to board.o(i.board_reset_reason) for board_reset_reason
    app.o(i.print_reset) refers to log.o(i.log_puts) for log_puts
    app.o(i.print_reset) refers to app.o(.constdata) for .constdata
    app.o(i.print_swver) refers to log.o(i.log_puts) for log_puts
    app.o(i.print_swver) refers to app.o(.bss) for appvar
    app.o(i.service_init) refers to svc_daemon.o(i.svc_daemon_init) for svc_daemon_init
    app.o(i.service_init) refers to svc_mpu9250.o(i.svc_mpu9250_init) for svc_mpu9250_init
    app.o(i.service_init) refers to svc_485.o(i.svc_485_init) for svc_485_init
    app.o(i.service_init) refers to svc_hmi.o(i.svc_hmi_init) for svc_hmi_init
    app.o(i.service_init) refers to svc_gps.o(i.svc_gps_init) for svc_gps_init
    app.o(i.service_init) refers to svc_dist.o(i.svc_dist_init) for svc_dist_init
    app.o(i.service_init) refers to svc_auto.o(i.svc_auto_init) for svc_auto_init
    app.o(.constdata) refers to app.o(.conststring) for .conststring
    bsp.o(i.bsp_init) refers to delay.o(i.delay_init) for delay_init
    bsp.o(i.bsp_init) refers to i2c.o(i.i2c_init) for i2c_init
    bsp.o(i.bsp_init) refers to spi.o(i.spi_init) for spi_init
    bsp.o(i.bsp_init) refers to time.o(i.time_init) for time_init
    bsp.o(i.bsp_init) refers to beep.o(i.beep_init) for beep_init
    bsp.o(i.bsp_init) refers to lm75.o(i.lm75_init) for lm75_init
    bsp.o(i.bsp_init) refers to w25qxx.o(i.w25qxx_init) for w25qxx_init
    bsp.o(i.bsp_init) refers to mpu9250.o(i.mpu9250_init) for mpu9250_init
    main.o(i.idle) refers to kernel.o(i.kernel_idle) for kernel_idle
    main.o(i.init) refers to thread.o(i.thread_sleep) for thread_sleep
    main.o(i.init) refers to log.o(i.log_init) for log_init
    main.o(i.init) refers to bsp.o(i.bsp_init) for bsp_init
    main.o(i.init) refers to app.o(i.app_init) for app_init
    main.o(i.main) refers to board.o(i.board_init) for board_init
    main.o(i.main) refers to sdram.o(i.sdram_init) for sdram_init
    main.o(i.main) refers to kernel.o(i.kernel_init) for kernel_init
    main.o(i.main) refers to thread.o(i.thread_create) for thread_create
    main.o(i.main) refers to kernel.o(i.kernel_start) for kernel_start
    main.o(i.main) refers to main.o(i.init) for init
    main.o(i.main) refers to main.o(i.idle) for idle
    auto_boat_cruise.o(i.auto_cruise_init) refers to event.o(i.event_create) for event_create
    auto_boat_cruise.o(i.auto_cruise_init) refers to mutex.o(i.mutex_create) for mutex_create
    auto_boat_cruise.o(i.auto_cruise_init) refers to thread.o(i.thread_create) for thread_create
    auto_boat_cruise.o(i.auto_cruise_init) refers to auto_boat_cruise.o(.data) for cruise_event
    auto_boat_cruise.o(i.auto_cruise_init) refers to auto_boat_cruise.o(i.auto_cruise_thread) for auto_cruise_thread
[...]
    __I$use$fp                               0x0808d088   Number         0  usenofp.o(x$fpl$usenofp)
    __mathlib_zero                           0x0808d8d0   Data           8  qnan.o(.constdata)
    Region$$Table$$Base                      0x0808db44   Number         0  anon$$obj.o(Region$$Table)
    Region$$Table$$Limit                     0x0808db64   Number         0  anon$$obj.o(Region$$Table)
    __aeabi_HUGE_VAL                         0x0808db64   Data           0  fpconst.o(c$$dinf)
    __aeabi_HUGE_VALL                        0x0808db64   Data           0  fpconst.o(c$$dinf)
    __aeabi_INFINITY                         0x0808db64   Data           0  fpconst.o(c$$dinf)
    __dInf                                   0x0808db64   Data           0  fpconst.o(c$$dinf)
    __huge_val                               0x0808db64   Data           0  fpconst.o(c$$dinf)
    __dbl_max                                0x0808db6c   Data           0  fpconst.o(c$$dmax)
    __ctype                                  0x0808db81   Data           0  lc_ctype_c.o(locale$$data)
    cruise_event                             0x20000000   Data           4  auto_boat_cruise.o(.data)
    cruise_mutex                             0x20000004   Data           4  auto_boat_cruise.o(.data)
    currentspeed                             0x20000008   Data           8  auto_boat_cruise.o(.data)
    motor_speed                              0x20000010   Data           4  auto_boat_cruise.o(.data)
    set_boat_speed                           0x20000018   Data           8  auto_boat_cruise.o(.data)
    location_contex                          0x20000028   Data           2  auto_location.o(.data)
    location_thread_t                        0x2000002c   Data           4  auto_location.o(.data)
    location_event                           0x20000030   Data           4  auto_location.o(.data)
    location_mutex                           0x20000034   Data           4  auto_location.o(.data)
    location_thread_switch                   0x20000038   Data           4  auto_location.o(.data)
    destlatitude                             0x20000040   Data           8  auto_location.o(.data)
    destlongitude                            0x20000048   Data           8  auto_location.o(.data)
    currentlatitude                          0x20000050   Data           8  auto_location.o(.data)
    currentlongitude                         0x20000058   Data           8  auto_location.o(.data)
    currentheading                           0x20000068   Data           4  auto_location.o(.data)
    debug_azimuth                            0x20000074   Data           4  auto_location.o(.data)
    debug_switch                             0x20000078   Data           4  auto_location.o(.data)
    auto_boat_mutex                          0x20000080   Data           4  auto_boat.o(.data)
    auto_dist_thread_t                       0x20000088   Data           4  auto_dist.o(.data)
    auto_dist_event                          0x2000008c   Data           4  auto_dist.o(.data)
    lastdist                                 0x20000098   Data           8  auto_dist.o(.data)
    smooth_index                             0x200000a0   Data           4  auto_dist.o(.data)
    filt_index                               0x200000a4   Data           4  auto_dist.o(.data)
    m_handler                                0x200000dc   Data           4  gps.o(.data)
    sched_tcb_now                            0x20000358   Data           4  sched.o(.data)
    sched_tcb_new                            0x2000035c   Data           4  sched.o(.data)
    syscfg                                   0x20000378   Data          32  app.o(.bss)
    appcfg                                   0x20000398   Data         316  app.o(.bss)
    appvar                                   0x200004d8   Data         312  app.o(.bss)
    cruise_handler                           0x20000610   Data          20  auto_boat_cruise.o(.bss)
    pid_speed                                0x20000624   Data          36  auto_boat_cruise.o(.bss)
    pid_addspeed                             0x20000648   Data          40  auto_boat_cruise.o(.bss)
    tracks                                   0x20000670   Data       16000  auto_location.o(.bss)
    m_contex                                 0x20004560   Data          24  svc_hittest.o(.bss)
    __libspace_start                         0x2000733c   Data          96  libspace.o(.bss)
    __temporary_stack_top$libspace           0x2000739c   Data           0  libspace.o(.bss)



==============================================================================

Memory Map of the image

  Image Entry point : 0x080801ad

  Load Region LR_IROM1 (Base: 0x08080000, Size: 0x0000e018, Max: 0x00040000, ABSOLUTE, COMPRESSED[0x0000dd58])

    Execution Region ER_IROM1 (Exec base: 0x08080000, Load base: 0x08080000, Size: 0x0000dca0, Max: 0x00040000, ABSOLUTE)

    Exec Addr    Load Addr    Size         Type   Attr      Idx    E Section Name        Object

    0x08080000   0x08080000   0x000001ac   Data   RO         4431    RESET               startup_stm32f429_439xx.o
    0x080801ac   0x080801ac   0x00000008   Code   RO         5508  * !!!main             c_w.l(__main.o)
    0x080801b4   0x080801b4   0x00000034   Code   RO         6040    !!!scatter          c_w.l(__scatter.o)
    0x080801e8   0x080801e8   0x0000005a   Code   RO         6038    !!dczerorl2         c_w.l(__dczerorl2.o)
    0x08080242   0x08080242   0x00000002   PAD
    0x08080244   0x08080244   0x0000001c   Code   RO         6042    !!handler_zi        c_w.l(__scatter_zi.o)
    0x08080260   0x08080260   0x00000000   Code   RO         5467    .ARM.Collect$$_printf_percent$$00000000  c_w.l(_printf_percent.o)
    0x08080260   0x08080260   0x00000006   Code   RO         5692    .ARM.Collect$$_printf_percent$$00000001  c_w.l(_printf_n.o)
    0x08080266   0x08080266   0x00000006   Code   RO         5693    .ARM.Collect$$_printf_percent$$00000002  c_w.l(_printf_p.o)
    0x0808026c   0x0808026c   0x00000006   Code   RO         5465    .ARM.Collect$$_printf_percent$$00000003  c_w.l(_printf_f.o)
    0x08080272   0x08080272   0x00000006   Code   RO         5466    .ARM.Collect$$_printf_percent$$00000004  c_w.l(_printf_e.o)
    0x08080278   0x08080278   0x00000006   Code   RO         5696    .ARM.Collect$$_printf_percent$$00000005  c_w.l(_printf_g.o)
    0x0808027e   0x0808027e   0x00000006   Code   RO         5697    .ARM.Collect$$_printf_percent$$00000006  c_w.l(_printf_a.o)
    0x08080284   0x08080284   0x0000000a   Code   RO         5702    .ARM.Collect$$_printf_percent$$00000007  c_w.l(_printf_ll.o)
    0x0808028e   0x0808028e   0x00000006   Code   RO         5695    .ARM.Collect$$_printf_percent$$00000008  c_w.l(_printf_i.o)
    0x08080294   0x08080294   0x00000006   Code   RO         5463    .ARM.Collect$$_printf_percent$$00000009  c_w.l(_printf_d.o)
    0x0808029a   0x0808029a   0x00000006   Code   RO         5464    .ARM.Collect$$_printf_percent$$0000000A  c_w.l(_printf_u.o)
    0x080802a0   0x080802a0   0x00000006   Code   RO         5694    .ARM.Collect$$_printf_percent$$0000000B  c_w.l(_printf_o.o)
    0x080802a6   0x080802a6   0x00000006   Code   RO         5462    .ARM.Collect$$_printf_percent$$0000000C  c_w.l(_printf_x.o)
    0x080802ac   0x080802ac   0x00000006   Code   RO         5699    .ARM.Collect$$_printf_percent$$0000000D  c_w.l(_printf_lli.o)
    0x080802b2   0x080802b2   0x00000006   Code   RO         5700    .ARM.Collect$$_printf_percent$$0000000E  c_w.l(_printf_lld.o)
    0x080802b8   0x080802b8   0x00000006   Code   RO         5701    .ARM.Collect$$_printf_percent$$0000000F  c_w.l(_printf_llu.o)
    0x080802be   0x080802be   0x00000006   Code   RO         5706    .ARM.Collect$$_printf_percent$$00000010  c_w.l(_printf_llo.o)
    0x080802c4   0x080802c4   0x00000006   Code   RO         5707    .ARM.Collect$$_printf_percent$$00000011  c_w.l(_printf_llx.o)
    0x080802ca   0x080802ca   0x0000000a   Code   RO         5703    .ARM.Collect$$_printf_percent$$00000012  c_w.l(_printf_l.o)
    0x080802d4   0x080802d4   0x00000006   Code   RO         5691    .ARM.Collect$$_printf_percent$$00000013  c_w.l(_printf_c.o)
    0x080802da   0x080802da   0x00000006   Code   RO         5461    .ARM.Collect$$_printf_percent$$00000014  c_w.l(_printf_s.o)
    0x080802e0   0x080802e0   0x00000006   Code   RO         5704    .ARM.Collect$$_printf_percent$$00000015  c_w.l(_printf_lc.o)
    0x080802e6   0x080802e6   0x00000006   Code   RO         5705    .ARM.Collect$$_printf_percent$$00000016  c_w.l(_printf_ls.o)
    0x080802ec   0x080802ec   0x00000004   Code   RO         5698    .ARM.Collect$$_printf_percent$$00000017  c_w.l(_printf_percent_end.o)
    0x080802f0   0x080802f0   0x00000002   Code   RO         5883    .ARM.Collect$$libinit$$00000000  c_w.l(libinit.o)
    0x080802f2   0x080802f2   0x00000004   Code   RO         5884    .ARM.Collect$$libinit$$00000001  c_w.l(libinit2.o)
    0x080802f6   0x080802f6   0x00000000   Code   RO         5887    .ARM.Collect$$libinit$$00000004  c_w.l(libinit2.o)
    0x080802f6   0x080802f6   0x00000000   Code   RO         5890    .ARM.Collect$$libinit$$0000000A  c_w.l(libinit2.o)
    0x080802f6   0x080802f6   0x00000000   Code   RO         5892    .ARM.Collect$$libinit$$0000000C  c_w.l(libinit2.o)
    0x080802f6   0x080802f6   0x00000000   Code   RO         5894    .ARM.Collect$$libinit$$0000000E  c_w.l(libinit2.o)
    0x080802f6   0x080802f6   0x00000006   Code   RO         5895    .ARM.Collect$$libinit$$0000000F  c_w.l(libinit2.o)
    0x080802fc   0x080802fc   0x00000000   Code   RO         5897    .ARM.Collect$$libinit$$00000011  c_w.l(libinit2.o)
    0x080802fc   0x080802fc   0x0000000c   Code   RO         5898    .ARM.Collect$$libinit$$00000012  c_w.l(libinit2.o)
    0x08080308   0x08080308   0x00000000   Code   RO         5899    .ARM.Collect$$libinit$$00000013  c_w.l(libinit2.o)
    0x08080308   0x08080308   0x00000000   Code   RO         5901    .ARM.Collect$$libinit$$00000015  c_w.l(libinit2.o)
    0x08080308   0x08080308   0x0000000a   Code   RO         5902    .ARM.Collect$$libinit$$00000016  c_w.l(libinit2.o)
    0x08080312   0x08080312   0x00000000   Code   RO         5903    .ARM.Collect$$libinit$$00000017  c_w.l(libinit2.o)
    0x08080312   0x08080312   0x00000000   Code   RO         5905    .ARM.Collect$$libinit$$00000019  c_w.l(libinit2.o)
    0x08080312   0x08080312   0x00000000   Code   RO         5907    .ARM.Collect$$libinit$$0000001B  c_w.l(libinit2.o)
    0x08080312   0x08080312   0x00000000   Code   RO         5909    .ARM.Collect$$libinit$$0000001D  c_w.l(libinit2.o)
    0x08080312   0x08080312   0x00000000   Code   RO         5911    .ARM.Collect$$libinit$$0000001F  c_w.l(libinit2.o)
    0x08080312   0x08080312   0x00000000   Code   RO         5913    .ARM.Collect$$libinit$$00000021  c_w.l(libinit2.o)
    0x08080312   0x08080312   0x00000000   Code   RO         5915    .ARM.Collect$$libinit$$00000023  c_w.l(libinit2.o)
    0x08080312   0x08080312   0x00000000   Code   RO         5917    .ARM.Collect$$libinit$$00000025  c_w.l(libinit2.o)
    0x08080312   0x08080312   0x00000000   Code   RO         5921    .ARM.Collect$$libinit$$0000002C  c_w.l(libinit2.o)
    0x08080312   0x08080312   0x00000000   Code   RO         5923    .ARM.Collect$$libinit$$0000002E  c_w.l(libinit2.o)
    0x08080312   0x08080312   0x00000000   Code   RO         5925    .ARM.Collect$$libinit$$00000030  c_w.l(libinit2.o)
    0x08080312   0x08080312   0x00000000   Code   RO         5927    .ARM.Collect$$libinit$$00000032  c_w.l(libinit2.o)
    0x08080312   0x08080312   0x00000002   Code   RO         5928    .ARM.Collect$$libinit$$00000033  c_w.l(libinit2.o)
    0x08080314   0x08080314   0x00000002   Code   RO         5986    .ARM.Collect$$libshutdown$$00000000  c_w.l(libshutdown.o)
    0x08080316   0x08080316   0x00000000   Code   RO         5997    .ARM.Collect$$libshutdown$$00000002  c_w.l(libshutdown2.o)
    0x08080316   0x08080316   0x00000000   Code   RO         5999    .ARM.Collect$$libshutdown$$00000004  c_w.l(libshutdown2.o)
    0x08080316   0x08080316   0x00000000   Code   RO         6002    .ARM.Collect$$libshutdown$$00000007  c_w.l(libshutdown2.o)
    0x08080316   0x08080316   0x00000000   Code   RO         6005    .ARM.Collect$$libshutdown$$0000000A  c_w.l(libshutdown2.o)
    0x08080316   0x08080316   0x00000000   Code   RO         6007    .ARM.Collect$$libshutdown$$0000000C  c_w.l(libshutdown2.o)
    0x08080316   0x08080316   0x00000000   Code   RO         6010    .ARM.Collect$$libshutdown$$0000000F  c_w.l(libshutdown2.o)
    0x08080316   0x08080316   0x00000002   Code   RO         6011    .ARM.Collect$$libshutdown$$00000010  c_w.l(libshutdown2.o)
    0x08080318   0x08080318   0x00000000   Code   RO         5654    .ARM.Collect$$rtentry$$00000000  c_w.l(__rtentry.o)
    0x08080318   0x08080318   0x00000000   Code   RO         5779    .ARM.Collect$$rtentry$$00000002  c_w.l(__rtentry2.o)
    0x08080318   0x08080318   0x00000006   Code   RO         5791    .ARM.Collect$$rtentry$$00000004  c_w.l(__rtentry4.o)
    0x0808031e   0x0808031e   0x00000000   Code   RO         5781    .ARM.Collect$$rtentry$$00000009  c_w.l(__rtentry2.o)
    0x0808031e   0x0808031e   0x00000004   Code   RO         5782    .ARM.Collect$$rtentry$$0000000A  c_w.l(__rtentry2.o)
    0x08080322   0x08080322   0x00000000   Code   RO         5784    .ARM.Collect$$rtentry$$0000000C  c_w.l(__rtentry2.o)
    0x08080322   0x08080322   0x00000008   Code   RO         5785    .ARM.Collect$$rtentry$$0000000D  c_w.l(__rtentry2.o)
    0x0808032a   0x0808032a   0x00000002   Code   RO         5937    .ARM.Collect$$rtexit$$00000000  c_w.l(rtexit.o)
    0x0808032c   0x0808032c   0x00000000   Code   RO         5964    .ARM.Collect$$rtexit$$00000002  c_w.l(rtexit2.o)
    0x0808032c   0x0808032c   0x00000004   Code   RO         5965    .ARM.Collect$$rtexit$$00000003  c_w.l(rtexit2.o)
    0x08080330   0x08080330   0x00000006   Code   RO         5966    .ARM.Collect$$rtexit$$00000004  c_w.l(rtexit2.o)
    0x08080336   0x08080336   0x00000002   PAD
    0x08080338   0x08080338   0x0000003c   Code   RO         4432    .text               startup_stm32f429_439xx.o
    0x08080374   0x08080374   0x0000004c   Code   RO         5400    .text               kernel.lib(cpu_asm_keil.o)
    0x080803c0   0x080803c0   0x00000034   Code   RO         5406    .text               c_w.l(vsnprintf.o)
    0x080803f4   0x080803f4   0x0000002c   Code   RO         5408    .text               c_w.l(__2sprintf.o)
    0x08080420   0x08080420   0x0000004e   Code   RO         5414    .text               c_w.l(_printf_pad.o)
    0x0808046e   0x0808046e   0x00000052   Code   RO         5416    .text               c_w.l(_printf_str.o)
    0x080804c0   0x080804c0   0x00000078   Code   RO         5418    .text               c_w.l(_printf_dec.o)
    0x08080538   0x08080538   0x00000094   Code   RO         5438    .text               c_w.l(_printf_hex_int_ll_ptr.o)
    0x080805cc   0x080805cc   0x00000188   Code   RO         5458    .text               c_w.l(__printf_flags_ss_wp.o)
    0x08080754   0x08080754   0x0000003c   Code   RO         5468    .text               c_w.l(__0sscanf.o)
    0x08080790   0x08080790   0x0000014c   Code   RO         5470    .text               c_w.l(_scanf_int.o)
    0x080808dc   0x080808dc   0x00000058   Code   RO         5478    .text               c_w.l(memcmp.o)
    0x08080934   0x08080934   0x00000048   Code   RO         5480    .text               c_w.l(strcpy.o)
    0x0808097c   0x0808097c   0x00000096   Code   RO         5486    .text               c_w.l(strncmp.o)
    0x08080a12   0x08080a12   0x00000018   Code   RO         5488    .text               c_w.l(strcat.o)
    0x08080a2a   0x08080a2a   0x0000008a   Code   RO         5490    .text               c_w.l(rt_memcpy_v6.o)
    0x08080ab4   0x08080ab4   0x00000064   Code   RO         5492    .text               c_w.l(rt_memcpy_w.o)
    0x08080b18   0x08080b18   0x00000010   Code   RO         5494    .text               c_w.l(aeabi_memset.o)
    0x08080b28   0x08080b28   0x0000004e   Code   RO         5496    .text               c_w.l(rt_memclr_w.o)
    0x08080b76   0x08080b76   0x00000002   PAD
    0x08080b78   0x08080b78   0x00000080   Code   RO         5500    .text               c_w.l(strcmpv7m.o)
    0x08080bf8   0x08080bf8   0x00000006   Code   RO         5506    .text               c_w.l(heapauxi.o)
    0x08080bfe   0x08080bfe   0x00000002   PAD
    0x08080c00   0x08080c00   0x00000010   Code   RO         5655    .text               c_w.l(rt_ctype_table.o)
    0x08080c10   0x08080c10   0x00000008   Code   RO         5660    .text               c_w.l(rt_errno_addr_intlibspace.o)
    0x08080c18   0x08080c18   0x00000016   Code   RO         5662    .text               c_w.l(_rserrno.o)
    0x08080c2e   0x08080c2e   0x00000024   Code   RO         5664    .text               c_w.l(_printf_truncate.o)
    0x08080c52   0x08080c52   0x000000b2   Code   RO         5666    .text               c_w.l(_printf_intcommon.o)
    0x08080d04   0x08080d04   0x00000028   Code   RO         5668    .text               c_w.l(_printf_charcount.o)
    0x08080d2c   0x08080d2c   0x0000041e   Code   RO         5670    .text               c_w.l(_printf_fp_dec.o)
    0x0808114a   0x0808114a   0x00000002   PAD
    0x0808114c   0x0808114c   0x00000030   Code   RO         5672    .text               c_w.l(_printf_char_common.o)
    0x0808117c   0x0808117c   0x0000000a   Code   RO         5674    .text               c_w.l(_sputc.o)
    0x08081186   0x08081186   0x00000010   Code   RO         5676    .text               c_w.l(_snputc.o)
    0x08081196   0x08081196   0x0000002c   Code   RO         5678    .text               c_w.l(_printf_char.o)
    0x080811c2   0x080811c2   0x00000002   PAD
    0x080811c4   0x080811c4   0x000000bc   Code   RO         5680    .text               c_w.l(_printf_wctomb.o)
    0x08081280   0x08081280   0x0000007c   Code   RO         5683    .text               c_w.l(_printf_longlong_dec.o)
    0x080812fc   0x080812fc   0x00000070   Code   RO         5689    .text               c_w.l(_printf_oct_int_ll.o)
    0x0808136c   0x0808136c   0x0000001c   Code   RO         5708    .text               c_w.l(_chval.o)
    0x08081388   0x08081388   0x000004f8   Code   RO         5710    .text               c_w.l(scanf_fp.o)
    0x08081880   0x08081880   0x0000002c   Code   RO         5712    .text               c_w.l(scanf_char.o)
    0x080818ac   0x080818ac   0x00000040   Code   RO         5714    .text               c_w.l(_sgetc.o)
    0x080818ec   0x080818ec   0x00000044   Code   RO         5718    .text               c_w.l(rt_memclr.o)
    0x08081930   0x08081930   0x00000008   Code   RO         5775    .text               c_w.l(libspace.o)
    0x08081938   0x08081938   0x00000008   Code   RO         5796    .text               c_w.l(rt_locale_intlibspace.o)
    0x08081940   0x08081940   0x0000008a   Code   RO         5798    .text               c_w.l(lludiv10.o)
    0x080819ca   0x080819ca   0x00000012   Code   RO         5800    .text               c_w.l(isspace.o)
    0x080819dc   0x080819dc   0x000002fc   Code   RO         5802    .text               c_w.l(_printf_fp_hex.o)
    0x08081cd8   0x08081cd8   0x00000080   Code   RO         5805    .text               c_w.l(_printf_fp_infnan.o)
    0x08081d58   0x08081d58   0x0000002c   Code   RO         5809    .text               c_w.l(_printf_wchar.o)
    0x08081d84   0x08081d84   0x00000374   Code   RO         5811    .text               c_w.l(_scanf.o)
    0x080820f8   0x080820f8   0x000000e4   Code   RO         5815    .text               c_w.l(bigflt0.o)
    0x080821dc   0x080821dc   0x00000040   Code   RO         5840    .text               c_w.l(_wcrtomb.o)
    0x0808221c   0x0808221c   0x0000004a   Code   RO         5870    .text               c_w.l(sys_stackheap_outer.o)
    0x08082266   0x08082266   0x00000002   PAD
    0x08082268   0x08082268   0x00000320   Code   RO         5872    .text               c_w.l(scanf_hexfp.o)
    0x08082588   0x08082588   0x00000134   Code   RO         5874    .text               c_w.l(scanf_infnan.o)
    0x080826bc   0x080826bc   0x00000012   Code   RO         5876    .text               c_w.l(exit.o)
    0x080826ce   0x080826ce   0x00000026   Code   RO         5939    .text               c_w.l(llshl.o)
    0x080826f4   0x080826f4   0x0000000c   Code   RO         5976    .text               c_w.l(sys_exit.o)
    0x08082700   0x08082700   0x00000002   Code   RO         5987    .text               c_w.l(use_no_semi.o)
    0x08082702   0x08082702   0x00000000   Code   RO         5989    .text               c_w.l(indicate_semi.o)
    0x08082702   0x08082702   0x0000003e   Code   RO         5818    CL$$btod_d2e        c_w.l(btod.o)
    0x08082740   0x08082740   0x00000046   Code   RO         5820    CL$$btod_d2e_denorm_low  c_w.l(btod.o)
    0x08082786   0x08082786   0x00000060   Code   RO         5819    CL$$btod_d2e_norm_op1  c_w.l(btod.o)
    0x080827e6   0x080827e6   0x00000338   Code   RO         5828    CL$$btod_div_common  c_w.l(btod.o)
    0x08082b1e   0x08082b1e   0x00000002   PAD
    0x08082b20   0x08082b20   0x00000084   Code   RO         5826    CL$$btod_e2d        c_w.l(btod.o)
    0x08082ba4   0x08082ba4   0x000000dc   Code   RO         5825    CL$$btod_e2e        c_w.l(btod.o)
    0x08082c80   0x08082c80   0x0000002a   Code   RO         5822    CL$$btod_ediv       c_w.l(btod.o)
    0x08082caa   0x08082caa   0x0000002a   Code   RO         5824    CL$$btod_edivd      c_w.l(btod.o)
    0x08082cd4   0x08082cd4   0x0000002a   Code   RO         5821    CL$$btod_emul       c_w.l(btod.o)
    0x08082cfe   0x08082cfe   0x0000002a   Code   RO         5823    CL$$btod_emuld      c_w.l(btod.o)
    0x08082d28   0x08082d28   0x00000244   Code   RO         5827    CL$$btod_mult_common  c_w.l(btod.o)
    0x08082f6c   0x08082f6c   0x00000050   Code   RO          517    i.BubbleSort        auto_dist.o
    0x08082fbc   0x08082fbc   0x00000024   Code   RO         4600    i.FLASH_PrefetchBufferCmd  STM32F429.lib(stm32f4xx_flash.o)
    0x08082fe0   0x08082fe0   0x0000000c   Code   RO         4605    i.FLASH_SetLatency  STM32F429.lib(stm32f4xx_flash.o)
    0x08082fec   0x08082fec   0x00000048   Code   RO         4657    i.FMC_GetFlagStatus  STM32F429.lib(stm32f4xx_fmc.o)
    0x08083034   0x08083034   0x00000020   Code   RO         4674    i.FMC_SDRAMCmdConfig  STM32F429.lib(stm32f4xx_fmc.o)
    0x08083054   0x08083054   0x00000144   Code   RO         4676    i.FMC_SDRAMInit     STM32F429.lib(stm32f4xx_fmc.o)
    0x08083198   0x08083198   0x00000018   Code   RO         4680    i.FMC_SetRefreshCount  STM32F429.lib(stm32f4xx_fmc.o)
    0x080831b0   0x080831b0   0x00000090   Code   RO         4716    i.GPIO_Init         STM32F429.lib(stm32f4xx_gpio.o)
    0x08083240   0x08083240   0x00000046   Code   RO         4717    i.GPIO_PinAFConfig  STM32F429.lib(stm32f4xx_gpio.o)
    0x08083286   0x08083286   0x00000002   PAD
    0x08083288   0x08083288   0x00000070   Code   RO         3217    i.HardFault_Handler  fault.o
    0x080832f8   0x080832f8   0x00000078   Code   RO         4552    i.NVIC_Init         STM32F429.lib(misc.o)
    0x08083370   0x08083370   0x00000028   Code   RO         4387    i.NVIC_SetPriority  port.o
    0x08083398   0x08083398   0x00000050   Code   RO          586    i.PID_init1         auto_pid.o
    0x080833e8   0x080833e8   0x00000050   Code   RO          587    i.PID_init2         auto_pid.o
    0x08083438   0x08083438   0x00000224   Code   RO          588    i.PID_realize       auto_pid.o
    0x0808365c   0x0808365c   0x000002b8   Code   RO          589    i.PID_realize_changei  auto_pid.o
    0x08083914   0x08083914   0x0000000c   Code   RO         4767    i.PWR_BackupAccessCmd  STM32F429.lib(stm32f4xx_pwr.o)
    0x08083920   0x08083920   0x00000020   Code   RO         4809    i.RCC_AHB1PeriphClockCmd  STM32F429.lib(stm32f4xx_rcc.o)
    0x08083940   0x08083940   0x00000020   Code   RO         4815    i.RCC_AHB3PeriphClockCmd  STM32F429.lib(stm32f4xx_rcc.o)
    0x08083960   0x08083960   0x00000020   Code   RO         4818    i.RCC_APB1PeriphClockCmd  STM32F429.lib(stm32f4xx_rcc.o)
    0x08083980   0x08083980   0x00000020   Code   RO         4821    i.RCC_APB2PeriphClockCmd  STM32F429.lib(stm32f4xx_rcc.o)
    0x080839a0   0x080839a0   0x0000000c   Code   RO         4825    i.RCC_BackupResetCmd  STM32F429.lib(stm32f4xx_rcc.o)
    0x080839ac   0x080839ac   0x000000e4   Code   RO         4830    i.RCC_GetClocksFreq  STM32F429.lib(stm32f4xx_rcc.o)
    0x08083a90   0x08083a90   0x00000040   Code   RO         4831    i.RCC_GetFlagStatus  STM32F429.lib(stm32f4xx_rcc.o)
    0x08083ad0   0x08083ad0   0x00000018   Code   RO         4834    i.RCC_HCLKConfig    STM32F429.lib(stm32f4xx_rcc.o)
    0x08083ae8   0x08083ae8   0x00000010   Code   RO         4835    i.RCC_HSEConfig     STM32F429.lib(stm32f4xx_rcc.o)
    0x08083af8   0x08083af8   0x0000000c   Code   RO         4836    i.RCC_HSICmd        STM32F429.lib(stm32f4xx_rcc.o)
    0x08083b04   0x08083b04   0x0000002c   Code   RO         4839    i.RCC_LSEConfig     STM32F429.lib(stm32f4xx_rcc.o)
    0x08083b30   0x08083b30   0x00000018   Code   RO         4845    i.RCC_PCLK1Config   STM32F429.lib(stm32f4xx_rcc.o)
    0x08083b48   0x08083b48   0x00000018   Code   RO         4846    i.RCC_PCLK2Config   STM32F429.lib(stm32f4xx_rcc.o)
    0x08083b60   0x08083b60   0x0000000c   Code   RO         4847    i.RCC_PLLCmd        STM32F429.lib(stm32f4xx_rcc.o)
    0x08083b6c   0x08083b6c   0x00000024   Code   RO         4848    i.RCC_PLLConfig     STM32F429.lib(stm32f4xx_rcc.o)
    0x08083b90   0x08083b90   0x0000000c   Code   RO         4853    i.RCC_RTCCLKCmd     STM32F429.lib(stm32f4xx_rcc.o)
    0x08083b9c   0x08083b9c   0x0000003c   Code   RO         4854    i.RCC_RTCCLKConfig  STM32F429.lib(stm32f4xx_rcc.o)
    0x08083bd8   0x08083bd8   0x00000018   Code   RO         4859    i.RCC_SYSCLKConfig  STM32F429.lib(stm32f4xx_rcc.o)
    0x08083bf0   0x08083bf0   0x00000016   Code   RO         4925    i.RTC_Bcd2ToByte    STM32F429.lib(stm32f4xx_rtc.o)
    0x08083c06   0x08083c06   0x00000002   PAD
    0x08083c08   0x08083c08   0x00000050   Code   RO         4937    i.RTC_EnterInitMode  STM32F429.lib(stm32f4xx_rtc.o)
    0x08083c58   0x08083c58   0x00000014   Code   RO         4938    i.RTC_ExitInitMode  STM32F429.lib(stm32f4xx_rtc.o)
    0x08083c6c   0x08083c6c   0x0000004c   Code   RO         4941    i.RTC_GetDate       STM32F429.lib(stm32f4xx_rtc.o)
    0x08083cb8   0x08083cb8   0x00000050   Code   RO         4946    i.RTC_GetTime       STM32F429.lib(stm32f4xx_rtc.o)
    0x08083d08   0x08083d08   0x00000064   Code   RO         4951    i.RTC_Init          STM32F429.lib(stm32f4xx_rtc.o)
    0x08083d6c   0x08083d6c   0x00000018   Code   RO         5048    i.SPI_Cmd           STM32F429.lib(stm32f4xx_spi.o)
    0x08083d84   0x08083d84   0x0000003c   Code   RO         5061    i.SPI_Init          STM32F429.lib(stm32f4xx_spi.o)
    0x08083dc0   0x08083dc0   0x0000000a   Code   RO          518    i.Swap              auto_dist.o
    0x08083dca   0x08083dca   0x0000000a   Code   RO         4388    i.SysTick_Handler   port.o
    0x08083dd4   0x08083dd4   0x00000058   Code   RO         4439    i.SystemInit        system_stm32f4xx.o
    0x08083e2c   0x08083e2c   0x00000018   Code   RO         5114    i.TIM_Cmd           STM32F429.lib(stm32f4xx_tim.o)
    0x08083e44   0x08083e44   0x00000084   Code   RO         5186    i.TIM_TimeBaseInit  STM32F429.lib(stm32f4xx_tim.o)
    0x08083ec8   0x08083ec8   0x0000000a   Code   RO         3684    i.UART4_IRQHandler  uart.o
    0x08083ed2   0x08083ed2   0x0000000a   Code   RO         3685    i.UART5_IRQHandler  uart.o
    0x08083edc   0x08083edc   0x0000000a   Code   RO         3686    i.UART7_IRQHandler  uart.o
    0x08083ee6   0x08083ee6   0x0000000a   Code   RO         3687    i.UART8_IRQHandler  uart.o
    0x08083ef0   0x08083ef0   0x0000000a   Code   RO         3688    i.USART1_IRQHandler  uart.o
    0x08083efa   0x08083efa   0x0000000a   Code   RO         3689    i.USART2_IRQHandler  uart.o
    0x08083f04   0x08083f04   0x0000000a   Code   RO         3690    i.USART3_IRQHandler  uart.o
    0x08083f0e   0x08083f0e   0x0000000a   Code   RO         3691    i.USART6_IRQHandler  uart.o
    0x08083f18   0x08083f18   0x00000012   Code   RO         5288    i.USART_ClearFlag   STM32F429.lib(stm32f4xx_usart.o)
    0x08083f2a   0x08083f2a   0x0000001e   Code   RO         5289    i.USART_ClearITPendingBit  STM32F429.lib(stm32f4xx_usart.o)
    0x08083f48   0x08083f48   0x00000018   Code   RO         5292    i.USART_Cmd         STM32F429.lib(stm32f4xx_usart.o)
    0x08083f60   0x08083f60   0x0000001a   Code   RO         5295    i.USART_GetFlagStatus  STM32F429.lib(stm32f4xx_usart.o)
    0x08083f7a   0x08083f7a   0x00000054   Code   RO         5296    i.USART_GetITStatus  STM32F429.lib(stm32f4xx_usart.o)
    0x08083fce   0x08083fce   0x0000004a   Code   RO         5298    i.USART_ITConfig    STM32F429.lib(stm32f4xx_usart.o)
    0x08084018   0x08084018   0x000000d4   Code   RO         5299    i.USART_Init        STM32F429.lib(stm32f4xx_usart.o)
    0x080840ec   0x080840ec   0x0000000a   Code   RO         5306    i.USART_ReceiveData  STM32F429.lib(stm32f4xx_usart.o)
    0x080840f6   0x080840f6   0x00000008   Code   RO         5309    i.USART_SendData    STM32F429.lib(stm32f4xx_usart.o)
    0x080840fe   0x080840fe   0x00000030   Code   RO         5759    i.__ARM_fpclassify  m_wm.l(fpclassify.o)
    0x0808412e   0x0808412e   0x00000002   PAD
    0x08084130   0x08084130   0x000000f8   Code   RO         5862    i.__hardfp___mathlib_tofloat  m_wm.l(narrow.o)
    0x08084228   0x08084228   0x00000360   Code   RO         5552    i.__hardfp_asin     m_wm.l(asin.o)
    0x08084588   0x08084588   0x000002d8   Code   RO         5566    i.__hardfp_atan     m_wm.l(atan.o)
    0x08084860   0x08084860   0x000001f0   Code   RO         5580    i.__hardfp_atan2    m_wm.l(atan2.o)
    0x08084a50   0x08084a50   0x000000c8   Code   RO         5592    i.__hardfp_cos      m_wm.l(cos.o)
    0x08084b18   0x08084b18   0x00000014   Code   RO         5604    i.__hardfp_fabs     m_wm.l(fabs.o)
    0x08084b2c   0x08084b2c   0x00000004   PAD
    0x08084b30   0x08084b30   0x000000d0   Code   RO         5947    i.__hardfp_ldexp    m_wm.l(ldexp.o)
    0x08084c00   0x08084c00   0x00000c50   Code   RO         5616    i.__hardfp_pow      m_wm.l(pow.o)
    0x08085850   0x08085850   0x000000c8   Code   RO         5630    i.__hardfp_sin      m_wm.l(sin.o)
    0x08085918   0x08085918   0x0000007a   Code   RO         5642    i.__hardfp_sqrt     m_wm.l(sqrt.o)
    0x08085992   0x08085992   0x00000006   PAD
    0x08085998   0x08085998   0x00000438   Code   RO         5764    i.__ieee754_rem_pio2  m_wm.l(rred.o)
    0x08085dd0   0x08085dd0   0x00000170   Code   RO         5742    i.__kernel_cos      m_wm.l(cos_i.o)
    0x08085f40   0x08085f40   0x000000f8   Code   RO         5761    i.__kernel_poly     m_wm.l(poly.o)
    0x08086038   0x08086038   0x00000130   Code   RO         5769    i.__kernel_sin      m_wm.l(sin_i.o)
    0x08086168   0x08086168   0x00000030   Code   RO         5745    i.__mathlib_dbl_divzero  m_wm.l(dunder.o)
    0x08086198   0x08086198   0x00000014   Code   RO         5746    i.__mathlib_dbl_infnan  m_wm.l(dunder.o)
    0x080861ac   0x080861ac   0x00000014   Code   RO         5747    i.__mathlib_dbl_infnan2  m_wm.l(dunder.o)
    0x080861c0   0x080861c0   0x00000020   Code   RO         5748    i.__mathlib_dbl_invalid  m_wm.l(dunder.o)
    0x080861e0   0x080861e0   0x00000020   Code   RO         5749    i.__mathlib_dbl_overflow  m_wm.l(dunder.o)
    0x08086200   0x08086200   0x00000020   Code   RO         5751    i.__mathlib_dbl_underflow  m_wm.l(dunder.o)
    0x08086220   0x08086220   0x00000012   Code   RO         5863    i.__mathlib_narrow  m_wm.l(narrow.o)
    0x08086232   0x08086232   0x00000014   Code   RO         5949    i.__support_ldexp   m_wm.l(ldexp.o)
    0x08086246   0x08086246   0x0000000e   Code   RO         5451    i._is_digit         c_w.l(__printf_wp.o)
    0x08086254   0x08086254   0x00000010   Code   RO         4211    i.ak8963_get_asa    mpu9250.o
    0x08086264   0x08086264   0x0000000e   Code   RO         4212    i.ak8963_get_idcode  mpu9250.o
    0x08086272   0x08086272   0x00000012   Code   RO         4213    i.ak8963_get_mdm    mpu9250.o
    0x08086284   0x08086284   0x00000018   Code   RO         4214    i.ak8963_get_register  mpu9250.o
    0x0808629c   0x0808629c   0x00000018   Code   RO         4215    i.ak8963_get_register_burst  mpu9250.o
    0x080862b4   0x080862b4   0x0000000e   Code   RO         4217    i.ak8963_get_st2    mpu9250.o
    0x080862c2   0x080862c2   0x00000010   Code   RO         4218    i.ak8963_set_mode   mpu9250.o
    0x080862d2   0x080862d2   0x00000018   Code   RO         4219    i.ak8963_set_register  mpu9250.o
    0x080862ea   0x080862ea   0x0000001c   Code   RO            1    i.app_init          app.o
    0x08086306   0x08086306   0x00000002   PAD
    0x08086308   0x08086308   0x0000007c   Code   RO         1565    i.appcfg_default    appcfg.o
    0x08086384   0x08086384   0x00000028   Code   RO         1566    i.appcfg_read       appcfg.o
    0x080863ac   0x080863ac   0x00000028   Code   RO         1568    i.appcfg_write      appcfg.o
    0x080863d4   0x080863d4   0x00000060   Code   RO            3    i.appvar_init       app.o
    0x08086434   0x08086434   0x00000010   Code   RO         5568    i.atan              m_wm.l(atan.o)
    0x08086444   0x08086444   0x00000394   Code   RO          398    i.auto_algo_gps     auto_location.o
    0x080867d8   0x080867d8   0x00000044   Code   RO          474    i.auto_boat_init    auto_boat.o
    0x0808681c   0x0808681c   0x0000002c   Code   RO          237    i.auto_cruise_init  auto_boat_cruise.o
    0x08086848   0x08086848   0x00000044   Code   RO          238    i.auto_cruise_pid_init  auto_boat_cruise.o
    0x0808688c   0x0808688c   0x00000150   Code   RO          239    i.auto_cruise_thread  auto_boat_cruise.o
    0x080869dc   0x080869dc   0x00000180   Code   RO          519    i.auto_diff_filt_algo  auto_dist.o
    0x08086b5c   0x08086b5c   0x0000000c   Code   RO          520    i.auto_dist_bind    auto_dist.o
    0x08086b68   0x08086b68   0x00000034   Code   RO          521    i.auto_dist_init    auto_dist.o
    0x08086b9c   0x08086b9c   0x0000005c   Code   RO          522    i.auto_dist_thread  auto_dist.o
    0x08086bf8   0x08086bf8   0x00000120   Code   RO          523    i.auto_filt_algo    auto_dist.o
    0x08086d18   0x08086d18   0x00000010   Code   RO          399    i.auto_get_dist     auto_location.o
    0x08086d28   0x08086d28   0x00000020   Code   RO          524    i.auto_get_dist     auto_dist.o
    0x08086d48   0x08086d48   0x00000060   Code   RO          400    i.auto_get_gpslocation  auto_location.o
    0x08086da8   0x08086da8   0x00000070   Code   RO          240    i.auto_get_gpsspeed  auto_boat_cruise.o
    0x08086e18   0x08086e18   0x000001cc   Code   RO          401    i.auto_load_track   auto_location.o
    0x08086fe4   0x08086fe4   0x0000000c   Code   RO          402    i.auto_location_get_heading  auto_location.o
    0x08086ff0   0x08086ff0   0x00000054   Code   RO          403    i.auto_location_init  auto_location.o
    0x08087044   0x08087044   0x00000010   Code   RO          404    i.auto_location_resume  auto_location.o
    0x08087054   0x08087054   0x00000068   Code   RO          405    i.auto_location_set_destination  auto_location.o
    0x080870bc   0x080870bc   0x00000010   Code   RO            4    i.banner_init       app.o
    0x080870cc   0x080870cc   0x0000000c   Code   RO         2048    i.batt_init         batt.o
    0x080870d8   0x080870d8   0x00000014   Code   RO            5    i.beep_check        app.o
    0x080870ec   0x080870ec   0x0000000e   Code   RO         4098    i.beep_close        beep.o
    0x080870fa   0x080870fa   0x0000001a   Code   RO         4099    i.beep_init         beep.o
    0x08087114   0x08087114   0x0000000e   Code   RO         4100    i.beep_open         beep.o
    0x08087122   0x08087122   0x000000ec   Code   RO         3424    i.board_init        board.o
    0x0808720e   0x0808720e   0x00000002   PAD
    0x08087210   0x08087210   0x0000002c   Code   RO         3427    i.board_reset       board.o
    0x0808723c   0x0808723c   0x0000001c   Code   RO         3428    i.board_reset_reason  board.o
    0x08087258   0x08087258   0x0000007c   Code   RO          475    i.boat_control      auto_boat.o
    0x080872d4   0x080872d4   0x0000003c   Code   RO          476    i.boat_feed         auto_boat.o
    0x08087310   0x08087310   0x0000004c   Code   RO          477    i.boat_left         auto_boat.o
    0x0808735c   0x0808735c   0x0000004c   Code   RO          478    i.boat_right        auto_boat.o
    0x080873a8   0x080873a8   0x00000038   Code   RO          479    i.boat_straight     auto_boat.o
    0x080873e0   0x080873e0   0x00000024   Code   RO          194    i.bsp_init          bsp.o
    0x08087404   0x08087404   0x0000001c   Code   RO         2595    i.byte_swap_order   binconv.o
    0x08087420   0x08087420   0x0000001a   Code   RO         1696    i.calc_checksum     dist.o
    0x0808743a   0x0808743a   0x00000002   PAD
    0x0808743c   0x0808743c   0x00000120   Code   RO         1114    i.calc_heading      svc_compass.o
    0x0808755c   0x0808755c   0x00000108   Code   RO         1794    i.cfg_proc_command  hmi.o
    0x08087664   0x08087664   0x00000040   Code   RO          844    i.cmd_ctl_auto_navi  svc_hmi.o
    0x080876a4   0x080876a4   0x0000007c   Code   RO          845    i.cmd_ctl_feed      svc_hmi.o
    0x08087720   0x08087720   0x00000020   Code   RO          846    i.cmd_ctl_reboot    svc_hmi.o
    0x08087740   0x08087740   0x0000006c   Code   RO          847    i.cmd_set_navi_dest  svc_hmi.o
    0x080877ac   0x080877ac   0x00000002   Code   RO         4389    i.cpu_sys_idle      port.o
    0x080877ae   0x080877ae   0x00000002   PAD
    0x080877b0   0x080877b0   0x000000cc   Code   RO         4390    i.cpu_sys_init      port.o
    0x0808787c   0x0808787c   0x0000008c   Code   RO         5396    i.cpu_tcb_init      kernel.lib(cpu.o)
    0x08087908   0x08087908   0x00000010   Code   RO         5397    i.cpu_tcb_switch    kernel.lib(cpu.o)
    0x08087918   0x08087918   0x00000024   Code   RO         3002    i.crc8_calc         crc.o
    0x0808793c   0x0808793c   0x00000018   Code   RO          241    i.cruise_bind       auto_boat_cruise.o
    0x08087954   0x08087954   0x00000018   Code   RO          243    i.cruise_feed_control  auto_boat_cruise.o
    0x0808796c   0x0808796c   0x0000004c   Code   RO          245    i.cruise_gps_control_pid  auto_boat_cruise.o
    0x080879b8   0x080879b8   0x00000038   Code   RO         4351    i.delay_init        delay.o
    0x080879f0   0x080879f0   0x00000016   Code   RO         4353    i.delay_us          delay.o
    0x08087a06   0x08087a06   0x00000054   Code   RO         1697    i.disp_send_command  dist.o
    0x08087a5a   0x08087a5a   0x00000002   PAD
    0x08087a5c   0x08087a5c   0x00000064   Code   RO         1698    i.dist_init         dist.o
    0x08087ac0   0x08087ac0   0x00000030   Code   RO         1699    i.dist_proc_command  dist.o
    0x08087af0   0x08087af0   0x00000050   Code   RO         1700    i.dist_read         dist.o
    0x08087b40   0x08087b40   0x00000060   Code   RO         1701    i.dist_recv_command  dist.o
    0x08087ba0   0x08087ba0   0x00000028   Code   RO         1702    i.dist_thread       dist.o
    0x08087bc8   0x08087bc8   0x00000018   Code   RO         4461    i.event_create      kernel.lib(event.o)
    0x08087be0   0x08087be0   0x0000002c   Code   RO         4464    i.event_post        kernel.lib(event.o)
    0x08087c0c   0x08087c0c   0x00000014   Code   RO         4465    i.event_reset       kernel.lib(event.o)
    0x08087c20   0x08087c20   0x00000054   Code   RO         4467    i.event_timed_wait  kernel.lib(event.o)
    0x08087c74   0x08087c74   0x00000038   Code   RO         4468    i.event_wait        kernel.lib(event.o)
    0x08087cac   0x08087cac   0x00000018   Code   RO         5606    i.fabs              m_wm.l(fabs.o)
    0x08087cc4   0x08087cc4   0x0000000c   Code   RO         2012    i.feed_init         feed.o
    0x08087cd0   0x08087cd0   0x000000ec   Code   RO         2013    i.feed_set_speed    feed.o
    0x08087dbc   0x08087dbc   0x0000001c   Code   RO         4478    i.find_next_free    kernel.lib(heap.o)
    0x08087dd8   0x08087dd8   0x0000008c   Code   RO         5933    i.frexp             m_wm.l(frexp.o)
    0x08087e64   0x08087e64   0x00000060   Code   RO         3584    i.gpio_open         gpio.o
    0x08087ec4   0x08087ec4   0x00000018   Code   RO         3585    i.gpio_read         gpio.o
    0x08087edc   0x08087edc   0x00000024   Code   RO         3586    i.gpio_write        gpio.o
    0x08087f00   0x08087f00   0x0000000c   Code   RO         1742    i.gps_bind          gps.o
    0x08087f0c   0x08087f0c   0x000000bc   Code   RO          918    i.gps_handler       svc_gps.o
    0x08087fc8   0x08087fc8   0x00000058   Code   RO         1743    i.gps_init          gps.o
    0x08088020   0x08088020   0x000001a4   Code   RO         1744    i.gps_proc_data     gps.o
    0x080881c4   0x080881c4   0x00000074   Code   RO         1745    i.gps_recv_data     gps.o
    0x08088238   0x08088238   0x0000001c   Code   RO         1746    i.gps_split_data    gps.o
    0x08088254   0x08088254   0x00000028   Code   RO         1747    i.gps_thread        gps.o
    0x0808827c   0x0808827c   0x0000006a   Code   RO         2077    i.gt102_auth_device  gt102.o
    0x080882e6   0x080882e6   0x0000003e   Code   RO         2078    i.gt102_execute_status  gt102.o
    0x08088324   0x08088324   0x00000002   Code   RO         2079    i.gt102_init        gt102.o
    0x08088326   0x08088326   0x00000018   Code   RO         2080    i.gt102_read        gt102.o
    0x0808833e   0x0808833e   0x00000014   Code   RO         2084    i.gt102_version     gt102.o
    0x08088352   0x08088352   0x00000018   Code   RO         2085    i.gt102_write       gt102.o
    0x0808836a   0x0808836a   0x00000002   PAD
    0x0808836c   0x0808836c   0x0000001c   Code   RO         1975    i.handler           sail.o
    0x08088388   0x08088388   0x0000001c   Code   RO         2014    i.handler           feed.o
    0x080883a4   0x080883a4   0x00000070   Code   RO         4479    i.heap_alloc        kernel.lib(heap.o)
    0x08088414   0x08088414   0x00000034   Code   RO         4480    i.heap_free         kernel.lib(heap.o)
    0x08088448   0x08088448   0x00000088   Code   RO         4481    i.heap_init         kernel.lib(heap.o)
    0x080884d0   0x080884d0   0x0000003c   Code   RO         4482    i.heap_lock         kernel.lib(heap.o)
    0x0808850c   0x0808850c   0x0000002c   Code   RO         4483    i.heap_unlock       kernel.lib(heap.o)
    0x08088538   0x08088538   0x00000038   Code   RO         4484    i.heap_usage        kernel.lib(heap.o)
    0x08088570   0x08088570   0x00000036   Code   RO         2597    i.hex_decode        binconv.o
    0x080885a6   0x080885a6   0x00000032   Code   RO         2599    i.hex_to_bin        binconv.o
    0x080885d8   0x080885d8   0x0000001c   Code   RO         2600    i.hex_to_byte       binconv.o
    0x080885f4   0x080885f4   0x00000060   Code   RO         1795    i.hid_proc_command  hmi.o
    0x08088654   0x08088654   0x00000030   Code   RO         1796    i.hid_proc_connect  hmi.o
    0x08088684   0x08088684   0x00000064   Code   RO         1797    i.hid_proc_ctrl_sail  hmi.o
    0x080886e8   0x080886e8   0x00000054   Code   RO         1798    i.hid_proc_ctrl_throw  hmi.o
    0x0808873c   0x0808873c   0x0000002c   Code   RO         1076    i.high_pass         svc_hittest.o
    0x08088768   0x08088768   0x00000018   Code   RO         1799    i.hmi_bind          hmi.o
    0x08088780   0x08088780   0x00000012   Code   RO         1800    i.hmi_calc_checksum  hmi.o
    0x08088792   0x08088792   0x00000002   PAD
    0x08088794   0x08088794   0x0000003c   Code   RO         1803    i.hmi_dbg_puts      hmi.o
    0x080887d0   0x080887d0   0x00000012   Code   RO         1804    i.hmi_dbg_send      hmi.o
    0x080887e2   0x080887e2   0x00000012   Code   RO         1805    i.hmi_hid_send      hmi.o
    0x080887f4   0x080887f4   0x00000060   Code   RO         1811    i.hmi_init          hmi.o
    0x08088854   0x08088854   0x000000c4   Code   RO         1812    i.hmi_proc_data     hmi.o
    0x08088918   0x08088918   0x00000080   Code   RO         1813    i.hmi_recv_data     hmi.o
    0x08088998   0x08088998   0x00000028   Code   RO         1814    i.hmi_recv_thread   hmi.o
    0x080889c0   0x080889c0   0x00000058   Code   RO         1815    i.hmi_send_data     hmi.o
    0x08088a18   0x08088a18   0x0000003c   Code   RO         3878    i.i2c_gpio_init     i2c.o
    0x08088a54   0x08088a54   0x00000016   Code   RO         3879    i.i2c_init          i2c.o
    0x08088a6a   0x08088a6a   0x0000004e   Code   RO         3880    i.i2c_recv_byte     i2c.o
    0x08088ab8   0x08088ab8   0x00000044   Code   RO         3881    i.i2c_send_ack      i2c.o
    0x08088afc   0x08088afc   0x00000040   Code   RO         3882    i.i2c_send_byte     i2c.o
    0x08088b3c   0x08088b3c   0x0000003a   Code   RO         3883    i.i2c_start         i2c.o
    0x08088b76   0x08088b76   0x0000003a   Code   RO         3884    i.i2c_stop          i2c.o
    0x08088bb0   0x08088bb0   0x0000003e   Code   RO         3885    i.i2c_wait_ack      i2c.o
    0x08088bee   0x08088bee   0x00000002   PAD
    0x08088bf0   0x08088bf0   0x000000bc   Code   RO         3886    i.i2c_xfer_rx       i2c.o
    0x08088cac   0x08088cac   0x00000094   Code   RO         3887    i.i2c_xfer_tx       i2c.o
    0x08088d40   0x08088d40   0x0000000a   Code   RO          206    i.idle              main.o
    0x08088d4a   0x08088d4a   0x0000001a   Code   RO          207    i.init              main.o
    0x08088d64   0x08088d64   0x000001a8   Code   RO         1047    i.init_hardware     svc_mpu9250.o
    0x08088f0c   0x08088f0c   0x0000001a   Code   RO         1665    i.is_point_valid    track.o
    0x08088f26   0x08088f26   0x00000002   PAD
    0x08088f28   0x08088f28   0x00000024   Code   RO         4493    i.kernel_idle       kernel.lib(kernel.o)
    0x08088f4c   0x08088f4c   0x0000001c   Code   RO         4494    i.kernel_idle_time  kernel.lib(kernel.o)
    0x08088f68   0x08088f68   0x0000002c   Code   RO         4495    i.kernel_init       kernel.lib(kernel.o)
    0x08088f94   0x08088f94   0x0000000c   Code   RO         4496    i.kernel_start      kernel.lib(kernel.o)
    0x08088fa0   0x08088fa0   0x00000028   Code   RO         4497    i.kernel_tick       kernel.lib(kernel.o)
    0x08088fc8   0x08088fc8   0x0000000c   Code   RO         4498    i.kernel_time       kernel.lib(kernel.o)
    0x08088fd4   0x08088fd4   0x00000008   Code   RO         4499    i.kernel_version    kernel.lib(kernel.o)
    0x08088fdc   0x08088fdc   0x00000008   Code   RO         5349    i.list_init         kernel.lib(sched.o)
    0x08088fe4   0x08088fe4   0x00000020   Code   RO         5350    i.list_insert_after  kernel.lib(sched.o)
    0x08089004   0x08089004   0x00000020   Code   RO         4520    i.list_insert_before  kernel.lib(thread.o)
    0x08089024   0x08089024   0x00000020   Code   RO         5351    i.list_insert_before  kernel.lib(sched.o)
    0x08089044   0x08089044   0x00000022   Code   RO         4521    i.list_remove       kernel.lib(thread.o)
    0x08089066   0x08089066   0x00000022   Code   RO         5352    i.list_remove       kernel.lib(sched.o)
    0x08089088   0x08089088   0x0000005a   Code   RO         5353    i.list_sorted_insert  kernel.lib(sched.o)
    0x080890e2   0x080890e2   0x0000001a   Code   RO         4122    i.lm75_init         lm75.o
    0x080890fc   0x080890fc   0x00000740   Code   RO          406    i.location_thread   auto_location.o
    0x0808983c   0x0808983c   0x00000040   Code   RO         3348    i.log_dump          log.o
    0x0808987c   0x0808987c   0x00000024   Code   RO         3349    i.log_init          log.o
    0x080898a0   0x080898a0   0x00000080   Code   RO         3350    i.log_puts          log.o
    0x08089920   0x08089920   0x00000060   Code   RO         1115    i.low_pass          svc_compass.o
    0x08089980   0x08089980   0x0000003c   Code   RO          208    i.main              main.o
    0x080899bc   0x080899bc   0x0000001e   Code   RO         2140    i.make_key          protect.o
    0x080899da   0x080899da   0x00000016   Code   RO         2141    i.make_rand         protect.o
    0x080899f0   0x080899f0   0x00000034   Code   RO         2142    i.make_uid          protect.o
    0x08089a24   0x08089a24   0x00000038   Code   RO         3374    i.mem_dump_16bit    serial.o
    0x08089a5c   0x08089a5c   0x00000034   Code   RO         3375    i.mem_dump_32bit    serial.o
    0x08089a90   0x08089a90   0x00000038   Code   RO         3376    i.mem_dump_8bit     serial.o
    0x08089ac8   0x08089ac8   0x00000040   Code   RO         4220    i.mpu9250_get_accel  mpu9250.o
    0x08089b08   0x08089b08   0x0000000e   Code   RO         4224    i.mpu9250_get_idcode  mpu9250.o
    0x08089b16   0x08089b16   0x00000018   Code   RO         4225    i.mpu9250_get_register  mpu9250.o
    0x08089b2e   0x08089b2e   0x00000018   Code   RO         4226    i.mpu9250_get_register_burst  mpu9250.o
    0x08089b46   0x08089b46   0x00000046   Code   RO         4228    i.mpu9250_gpio_init  mpu9250.o
    0x08089b8c   0x08089b8c   0x00000008   Code   RO         4229    i.mpu9250_init      mpu9250.o
    0x08089b94   0x08089b94   0x0000000e   Code   RO         4230    i.mpu9250_power_off  mpu9250.o
    0x08089ba2   0x08089ba2   0x0000000e   Code   RO         4231    i.mpu9250_power_on  mpu9250.o
    0x08089bb0   0x08089bb0   0x00000018   Code   RO         4232    i.mpu9250_set_register  mpu9250.o
    0x08089bc8   0x08089bc8   0x0000004c   Code   RO         4233    i.mpu9250_setup     mpu9250.o
    0x08089c14   0x08089c14   0x0000001a   Code   RO         4508    i.mutex_create      kernel.lib(mutex.o)
    0x08089c2e   0x08089c2e   0x00000002   PAD
    0x08089c30   0x08089c30   0x00000050   Code   RO         4510    i.mutex_lock        kernel.lib(mutex.o)
    0x08089c80   0x08089c80   0x00000040   Code   RO         4512    i.mutex_unlock      kernel.lib(mutex.o)
    0x08089cc0   0x08089cc0   0x00000026   Code   RO         3545    i.nvic_open         nvic.o
    0x08089ce6   0x08089ce6   0x00000002   PAD
    0x08089ce8   0x08089ce8   0x00000084   Code   RO          848    i.on_cfg_control    svc_hmi.o
    0x08089d6c   0x08089d6c   0x000000a0   Code   RO          849    i.on_cfg_read       svc_hmi.o
    0x08089e0c   0x08089e0c   0x00000190   Code   RO          850    i.on_cfg_write      svc_hmi.o
    0x08089f9c   0x08089f9c   0x00000040   Code   RO          851    i.on_hid_connect    svc_hmi.o
    0x08089fdc   0x08089fdc   0x0000007c   Code   RO          852    i.on_hid_ctrl_sail  svc_hmi.o
    0x0808a058   0x0808a058   0x0000003c   Code   RO          853    i.on_hid_ctrl_throw  svc_hmi.o
    0x0808a094   0x0808a094   0x00000040   Code   RO         1077    i.post_event        svc_hittest.o
    0x0808a0d4   0x0808a0d4   0x00000034   Code   RO            6    i.print_osver       app.o
    0x0808a108   0x0808a108   0x00000070   Code   RO            7    i.print_reset       app.o
    0x0808a178   0x0808a178   0x000000fc   Code   RO            8    i.print_swver       app.o
    0x0808a274   0x0808a274   0x00000080   Code   RO         1116    i.proc_data         svc_compass.o
    0x0808a2f4   0x0808a2f4   0x000000b4   Code   RO         2143    i.protect_auth      protect.o
    0x0808a3a8   0x0808a3a8   0x0000002c   Code   RO         2145    i.protect_init      protect.o
    0x0808a3d4   0x0808a3d4   0x00000028   Code   RO         1117    i.reset_contex      svc_compass.o
    0x0808a3fc   0x0808a3fc   0x00000012   Code   RO         1929    i.rs485_calc_checksum  rs485.o
    0x0808a40e   0x0808a40e   0x00000002   PAD
    0x0808a410   0x0808a410   0x00000054   Code   RO         1930    i.rs485_data_xfer   rs485.o
    0x0808a464   0x0808a464   0x0000006c   Code   RO         1931    i.rs485_init        rs485.o
    0x0808a4d0   0x0808a4d0   0x0000006c   Code   RO         1932    i.rs485_proc_frame  rs485.o
    0x0808a53c   0x0808a53c   0x0000009c   Code   RO         1933    i.rs485_recv_frame  rs485.o
    0x0808a5d8   0x0808a5d8   0x00000028   Code   RO         1934    i.rs485_recv_thread  rs485.o
    0x0808a600   0x0808a600   0x00000058   Code   RO         1935    i.rs485_send_data   rs485.o
    0x0808a658   0x0808a658   0x00000026   Code   RO         4020    i.rtc_get_date      rtc.o
    0x0808a67e   0x0808a67e   0x00000026   Code   RO         4021    i.rtc_get_time      rtc.o
    0x0808a6a4   0x0808a6a4   0x0000006a   Code   RO         4022    i.rtc_init          rtc.o
    0x0808a70e   0x0808a70e   0x00000002   PAD
    0x0808a710   0x0808a710   0x00000120   Code   RO         1976    i.sail_get_state    sail.o
    0x0808a830   0x0808a830   0x0000000c   Code   RO         1977    i.sail_init         sail.o
    0x0808a83c   0x0808a83c   0x000000f8   Code   RO         1978    i.sail_set_speed    sail.o
    0x0808a934   0x0808a934   0x00000098   Code   RO         1048    i.sample_data       svc_mpu9250.o
    0x0808a9cc   0x0808a9cc   0x00000010   Code   RO         5354    i.sched_idle        kernel.lib(sched.o)
    0x0808a9dc   0x0808a9dc   0x00000040   Code   RO         5355    i.sched_init        kernel.lib(sched.o)
    0x0808aa1c   0x0808aa1c   0x00000018   Code   RO         5356    i.sched_lock        kernel.lib(sched.o)
    0x0808aa34   0x0808aa34   0x0000004c   Code   RO         5357    i.sched_preempt     kernel.lib(sched.o)
    0x0808aa80   0x0808aa80   0x00000014   Code   RO         5358    i.sched_switch      kernel.lib(sched.o)
    0x0808aa94   0x0808aa94   0x0000001c   Code   RO         5359    i.sched_tcb_init    kernel.lib(sched.o)
    0x0808aab0   0x0808aab0   0x0000001c   Code   RO         5360    i.sched_tcb_ready   kernel.lib(sched.o)
    0x0808aacc   0x0808aacc   0x00000020   Code   RO         5361    i.sched_tcb_resume  kernel.lib(sched.o)
    0x0808aaec   0x0808aaec   0x00000030   Code   RO         5362    i.sched_tcb_run     kernel.lib(sched.o)
    0x0808ab1c   0x0808ab1c   0x00000038   Code   RO         5363    i.sched_tcb_sleep   kernel.lib(sched.o)
    0x0808ab54   0x0808ab54   0x00000036   Code   RO         5364    i.sched_tcb_sort    kernel.lib(sched.o)
    0x0808ab8a   0x0808ab8a   0x00000026   Code   RO         5365    i.sched_tcb_suspend  kernel.lib(sched.o)
    0x0808abb0   0x0808abb0   0x00000048   Code   RO         5366    i.sched_tcb_timed_wait  kernel.lib(sched.o)
    0x0808abf8   0x0808abf8   0x00000018   Code   RO         5367    i.sched_tcb_wait    kernel.lib(sched.o)
    0x0808ac10   0x0808ac10   0x00000040   Code   RO         5368    i.sched_tcb_wake    kernel.lib(sched.o)
    0x0808ac50   0x0808ac50   0x0000001a   Code   RO         5369    i.sched_tcb_wake_one  kernel.lib(sched.o)
    0x0808ac6a   0x0808ac6a   0x00000002   PAD
    0x0808ac6c   0x0808ac6c   0x00000070   Code   RO         5370    i.sched_tick        kernel.lib(sched.o)
    0x0808acdc   0x0808acdc   0x00000018   Code   RO         5371    i.sched_unlock      kernel.lib(sched.o)
    0x0808acf4   0x0808acf4   0x0000000c   Code   RO         3479    i.sdram_init        sdram.o
    0x0808ad00   0x0808ad00   0x00000106   Code   RO         3480    i.sdram_init_fmc    sdram.o
    0x0808ae06   0x0808ae06   0x000001cc   Code   RO         3481    i.sdram_init_pin    sdram.o
    0x0808afd2   0x0808afd2   0x00000002   PAD
    0x0808afd4   0x0808afd4   0x00000024   Code   RO         1979    i.send_command      sail.o
    0x0808aff8   0x0808aff8   0x00000024   Code   RO         2015    i.send_command      feed.o
    0x0808b01c   0x0808b01c   0x00000036   Code   RO         3377    i.serial_dump       serial.o
    0x0808b052   0x0808b052   0x0000001a   Code   RO         3378    i.serial_init       serial.o
    0x0808b06c   0x0808b06c   0x0000001a   Code   RO         3380    i.serial_puts       serial.o
    0x0808b086   0x0808b086   0x00000020   Code   RO            9    i.service_init      app.o
    0x0808b0a6   0x0808b0a6   0x00000002   PAD
    0x0808b0a8   0x0808b0a8   0x00000028   Code   RO         2190    i.sha256            sha256.o
    0x0808b0d0   0x0808b0d0   0x0000008c   Code   RO         2191    i.sha256_input      sha256.o
    0x0808b15c   0x0808b15c   0x0000007c   Code   RO         2192    i.sha256_prepare    sha256.o
    0x0808b1d8   0x0808b1d8   0x00000100   Code   RO         2193    i.sha256_round      sha256.o
    0x0808b2d8   0x0808b2d8   0x00000046   Code   RO         2194    i.sha256_shift      sha256.o
    0x0808b31e   0x0808b31e   0x00000036   Code   RO         2146    i.soft_auth         protect.o
    0x0808b354   0x0808b354   0x00000022   Code   RO         3942    i.spi_calc_scaler   spi.o
    0x0808b376   0x0808b376   0x00000002   PAD
    0x0808b378   0x0808b378   0x00000038   Code   RO         3944    i.spi_gpio_init     spi.o
    0x0808b3b0   0x0808b3b0   0x0000000a   Code   RO         3945    i.spi_init          spi.o
    0x0808b3ba   0x0808b3ba   0x00000002   PAD
    0x0808b3bc   0x0808b3bc   0x00000070   Code   RO         3946    i.spi_open          spi.o
    0x0808b42c   0x0808b42c   0x0000000e   Code   RO         3947    i.spi_recv          spi.o
    0x0808b43a   0x0808b43a   0x00000010   Code   RO         3949    i.spi_send          spi.o
    0x0808b44a   0x0808b44a   0x00000002   PAD
    0x0808b44c   0x0808b44c   0x0000003c   Code   RO         3951    i.spi_xfer          spi.o
    0x0808b488   0x0808b488   0x0000006e   Code   RO         5644    i.sqrt              m_wm.l(sqrt.o)
    0x0808b4f6   0x0808b4f6   0x00000002   PAD
    0x0808b4f8   0x0808b4f8   0x00000024   Code   RO          980    i.svc_485_init      svc_485.o
    0x0808b51c   0x0808b51c   0x00000030   Code   RO          981    i.svc_485_thread    svc_485.o
    0x0808b54c   0x0808b54c   0x00000014   Code   RO         1003    i.svc_auto_init     svc_auto.o
    0x0808b560   0x0808b560   0x00000030   Code   RO         1004    i.svc_auto_start    svc_auto.o
    0x0808b590   0x0808b590   0x0000002c   Code   RO         1005    i.svc_auto_stop     svc_auto.o
    0x0808b5bc   0x0808b5bc   0x00000038   Code   RO         1006    i.svc_auto_thread   svc_auto.o
    0x0808b5f4   0x0808b5f4   0x0000000c   Code   RO         1118    i.svc_compass_bind  svc_compass.o
    0x0808b600   0x0808b600   0x00000050   Code   RO         1119    i.svc_compass_cal_zero  svc_compass.o
    0x0808b650   0x0808b650   0x000000dc   Code   RO         1120    i.svc_compass_init  svc_compass.o
    0x0808b72c   0x0808b72c   0x00000018   Code   RO         1121    i.svc_compass_input  svc_compass.o
    0x0808b744   0x0808b744   0x0000009c   Code   RO         1122    i.svc_compass_set_cali  svc_compass.o
    0x0808b7e0   0x0808b7e0   0x00000024   Code   RO          822    i.svc_daemon_init   svc_daemon.o
    0x0808b804   0x0808b804   0x0000000c   Code   RO          955    i.svc_dist_bind     svc_dist.o
    0x0808b810   0x0808b810   0x00000018   Code   RO          956    i.svc_dist_init     svc_dist.o
    0x0808b828   0x0808b828   0x0000006c   Code   RO          957    i.svc_dist_thread   svc_dist.o
    0x0808b894   0x0808b894   0x0000000c   Code   RO          919    i.svc_gps_bind      svc_gps.o
    0x0808b8a0   0x0808b8a0   0x0000001c   Code   RO          920    i.svc_gps_init      svc_gps.o
    0x0808b8bc   0x0808b8bc   0x00000024   Code   RO         1079    i.svc_hittest_init  svc_hittest.o
    0x0808b8e0   0x0808b8e0   0x000000c8   Code   RO         1080    i.svc_hittest_input  svc_hittest.o
    0x0808b9a8   0x0808b9a8   0x00000054   Code   RO          854    i.svc_hmi_init      svc_hmi.o
    0x0808b9fc   0x0808b9fc   0x00000024   Code   RO          855    i.svc_hmi_thread    svc_hmi.o
    0x0808ba20   0x0808ba20   0x0000001c   Code   RO         1049    i.svc_mpu9250_init  svc_mpu9250.o
    0x0808ba3c   0x0808ba3c   0x00000030   Code   RO         1050    i.svc_mpu9250_thread  svc_mpu9250.o
    0x0808ba6c   0x0808ba6c   0x00000034   Code   RO         1597    i.syscfg_default    syscfg.o
    0x0808baa0   0x0808baa0   0x00000024   Code   RO         1598    i.syscfg_read       syscfg.o
    0x0808bac4   0x0808bac4   0x00000050   Code   RO         4522    i.thread_create     kernel.lib(thread.o)
    0x0808bb14   0x0808bb14   0x00000030   Code   RO         4524    i.thread_exit       kernel.lib(thread.o)
    0x0808bb44   0x0808bb44   0x0000002c   Code   RO         4525    i.thread_free       kernel.lib(thread.o)
    0x0808bb70   0x0808bb70   0x00000018   Code   RO         4527    i.thread_resume     kernel.lib(thread.o)
    0x0808bb88   0x0808bb88   0x0000000c   Code   RO         4528    i.thread_self       kernel.lib(thread.o)
    0x0808bb94   0x0808bb94   0x0000001a   Code   RO         4529    i.thread_set_priority  kernel.lib(thread.o)
    0x0808bbae   0x0808bbae   0x00000002   PAD
    0x0808bbb0   0x0808bbb0   0x00000020   Code   RO         4530    i.thread_sleep      kernel.lib(thread.o)
    0x0808bbd0   0x0808bbd0   0x0000001c   Code   RO         4531    i.thread_suspend    kernel.lib(thread.o)
    0x0808bbec   0x0808bbec   0x00000008   Code   RO         4532    i.thread_time       kernel.lib(thread.o)
    0x0808bbf4   0x0808bbf4   0x00000046   Code   RO         3628    i.time_get_date     time.o
    0x0808bc3a   0x0808bc3a   0x00000008   Code   RO         3630    i.time_init         time.o
    0x0808bc42   0x0808bc42   0x00000002   PAD
    0x0808bc44   0x0808bc44   0x00000034   Code   RO         1666    i.track_init        track.o
    0x0808bc78   0x0808bc78   0x0000002c   Code   RO         1667    i.track_read        track.o
    0x0808bca4   0x0808bca4   0x0000004c   Code   RO         1668    i.track_write       track.o
    0x0808bcf0   0x0808bcf0   0x00000034   Code   RO         3694    i.uart_hw_init      uart.o
    0x0808bd24   0x0808bd24   0x0000001a   Code   RO         3695    i.uart_init         uart.o
    0x0808bd3e   0x0808bd3e   0x00000002   PAD
    0x0808bd40   0x0808bd40   0x0000008c   Code   RO         3696    i.uart_irq_handler  uart.o
    0x0808bdcc   0x0808bdcc   0x00000088   Code   RO         3697    i.uart_open         uart.o
    0x0808be54   0x0808be54   0x00000048   Code   RO         3699    i.uart_read         uart.o
    0x0808be9c   0x0808be9c   0x00000020   Code   RO         3700    i.uart_sw_init      uart.o
    0x0808bebc   0x0808bebc   0x0000004c   Code   RO         3701    i.uart_write        uart.o
    0x0808bf08   0x0808bf08   0x00000070   Code   RO          823    i.usage_daemon      svc_daemon.o
    0x0808bf78   0x0808bf78   0x00000018   Code   RO         3857    i.uuid_read         uuid.o
    0x0808bf90   0x0808bf90   0x00000042   Code   RO         4145    i.w25qxx_chip_id    w25qxx.o
    0x0808bfd2   0x0808bfd2   0x00000028   Code   RO         4146    i.w25qxx_erase      w25qxx.o
    0x0808bffa   0x0808bffa   0x0000003a   Code   RO         4147    i.w25qxx_erase_sector  w25qxx.o
    0x0808c034   0x0808c034   0x0000002c   Code   RO         4148    i.w25qxx_init       w25qxx.o
    0x0808c060   0x0808c060   0x00000048   Code   RO         4149    i.w25qxx_read       w25qxx.o
    0x0808c0a8   0x0808c0a8   0x0000001c   Code   RO         4150    i.w25qxx_recv       w25qxx.o
    0x0808c0c4   0x0808c0c4   0x0000001c   Code   RO         4151    i.w25qxx_send       w25qxx.o
    0x0808c0e0   0x0808c0e0   0x0000003e   Code   RO         4152    i.w25qxx_wait_busy  w25qxx.o
    0x0808c11e   0x0808c11e   0x00000040   Code   RO         4153    i.w25qxx_write      w25qxx.o
    0x0808c15e   0x0808c15e   0x00000024   Code   RO         4154    i.w25qxx_write_enable  w25qxx.o
    0x0808c182   0x0808c182   0x00000054   Code   RO         4155    i.w25qxx_write_page  w25qxx.o
    0x0808c1d6   0x0808c1d6   0x00000026   Code   RO          824    i.wwdog_daemon      svc_daemon.o
    0x0808c1fc   0x0808c1fc   0x0000002c   Code   RO         5843    locale$$code        c_w.l(lc_ctype_c.o)
    0x0808c228   0x0808c228   0x0000002c   Code   RO         5846    locale$$code        c_w.l(lc_numeric_c.o)
    0x0808c254   0x0808c254   0x00000018   Code   RO         5510    x$fpl$basic         fz_wm.l(basic.o)
    0x0808c26c   0x0808c26c   0x00000062   Code   RO         5512    x$fpl$d2f           fz_wm.l(d2f.o)
    0x0808c2ce   0x0808c2ce   0x00000002   PAD
    0x0808c2d0   0x0808c2d0   0x00000150   Code   RO         5514    x$fpl$dadd          fz_wm.l(daddsub_clz.o)
    0x0808c420   0x0808c420   0x00000010   Code   RO         5848    x$fpl$dcheck1       fz_wm.l(dcheck1.o)
    0x0808c430   0x0808c430   0x00000018   Code   RO         5721    x$fpl$dcmpinf       fz_wm.l(dcmpi.o)
    0x0808c448   0x0808c448   0x000002b0   Code   RO         5521    x$fpl$ddiv          fz_wm.l(ddiv.o)
    0x0808c6f8   0x0808c6f8   0x00000078   Code   RO         5524    x$fpl$deqf          fz_wm.l(deqf.o)
    0x0808c770   0x0808c770   0x0000005e   Code   RO         5526    x$fpl$dfix          fz_wm.l(dfix.o)
    0x0808c7ce   0x0808c7ce   0x0000002e   Code   RO         5535    x$fpl$dflt          fz_wm.l(dflt_clz.o)
    0x0808c7fc   0x0808c7fc   0x00000026   Code   RO         5534    x$fpl$dfltu         fz_wm.l(dflt_clz.o)
    0x0808c822   0x0808c822   0x00000002   PAD
    0x0808c824   0x0808c824   0x00000078   Code   RO         5540    x$fpl$dleqf         fz_wm.l(dleqf.o)
    0x0808c89c   0x0808c89c   0x00000154   Code   RO         5542    x$fpl$dmul          fz_wm.l(dmul.o)
    0x0808c9f0   0x0808c9f0   0x0000009c   Code   RO         5723    x$fpl$dnaninf       fz_wm.l(dnaninf.o)
    0x0808ca8c   0x0808ca8c   0x0000000c   Code   RO         5725    x$fpl$dretinf       fz_wm.l(dretinf.o)
    0x0808ca98   0x0808ca98   0x0000006c   Code   RO         5544    x$fpl$drleqf        fz_wm.l(drleqf.o)
    0x0808cb04   0x0808cb04   0x00000016   Code   RO         5515    x$fpl$drsb          fz_wm.l(daddsub_clz.o)
    0x0808cb1a   0x0808cb1a   0x00000002   PAD
    0x0808cb1c   0x0808cb1c   0x00000198   Code   RO         5727    x$fpl$dsqrt         fz_wm.l(dsqrt_umaal.o)
    0x0808ccb4   0x0808ccb4   0x000001d4   Code   RO         5516    x$fpl$dsub          fz_wm.l(daddsub_clz.o)
    0x0808ce88   0x0808ce88   0x00000056   Code   RO         5546    x$fpl$f2d           fz_wm.l(f2d.o)
    0x0808cede   0x0808cede   0x0000008c   Code   RO         5729    x$fpl$fnaninf       fz_wm.l(fnaninf.o)
    0x0808cf6a   0x0808cf6a   0x0000000a   Code   RO         5943    x$fpl$fpinit        fz_wm.l(fpinit.o)
    0x0808cf74   0x0808cf74   0x0000000a   Code   RO         5731    x$fpl$fretinf       fz_wm.l(fretinf.o)
    0x0808cf7e   0x0808cf7e   0x00000006   Code   RO         5854    x$fpl$ieeestatus    fz_wm.l(istatus.o)
    0x0808cf84   0x0808cf84   0x00000004   Code   RO         5548    x$fpl$printf1       fz_wm.l(printf1.o)
    0x0808cf88   0x0808cf88   0x00000004   Code   RO         5733    x$fpl$printf2       fz_wm.l(printf2.o)
    0x0808cf8c   0x0808cf8c   0x00000064   Code   RO         5929    x$fpl$retnan        fz_wm.l(retnan.o)
    0x0808cff0   0x0808cff0   0x0000005c   Code   RO         5739    x$fpl$scalbn        fz_wm.l(scalbn.o)
    0x0808d04c   0x0808d04c   0x00000004   Code   RO         5550    x$fpl$scanf1        fz_wm.l(scanf1.o)
    0x0808d050   0x0808d050   0x00000008   Code   RO         5856    x$fpl$scanf2        fz_wm.l(scanf2.o)
    0x0808d058   0x0808d058   0x00000030   Code   RO         5945    x$fpl$trapveneer    fz_wm.l(trapv.o)
    0x0808d088   0x0808d088   0x00000000   Code   RO         5741    x$fpl$usenofp       fz_wm.l(usenofp.o)
    0x0808d088   0x0808d088   0x00000020   Data   RO           11    .constdata          app.o
    0x0808d0a8   0x0808d0a8   0x00000120   Data   RO         2196    .constdata          sha256.o
    0x0808d1c8   0x0808d1c8   0x00000520   Data   RO         3003    .constdata          crc.o
    0x0808d6e8   0x0808d6e8   0x00000028   Data   RO         5439    .constdata          c_w.l(_printf_hex_int_ll_ptr.o)
    0x0808d710   0x0808d710   0x00000011   Data   RO         5459    .constdata          c_w.l(__printf_flags_ss_wp.o)
    0x0808d721   0x0808d721   0x00000007   PAD
    0x0808d728   0x0808d728   0x00000050   Data   RO         5555    .constdata          m_wm.l(asin.o)
    0x0808d778   0x0808d778   0x00000098   Data   RO         5569    .constdata          m_wm.l(atan.o)
    0x0808d810   0x0808d810   0x00000088   Data   RO         5619    .constdata          m_wm.l(pow.o)
    0x0808d898   0x0808d898   0x00000008   Data   RO         5681    .constdata          c_w.l(_printf_wctomb.o)
    0x0808d8a0   0x0808d8a0   0x00000030   Data   RO         5743    .constdata          m_wm.l(cos_i.o)
    0x0808d8d0   0x0808d8d0   0x00000008   Data   RO         5763    .constdata          m_wm.l(qnan.o)
    0x0808d8d8   0x0808d8d8   0x000000c8   Data   RO         5766    .constdata          m_wm.l(rred.o)
    0x0808d9a0   0x0808d9a0   0x00000028   Data   RO         5770    .constdata          m_wm.l(sin_i.o)
    0x0808d9c8   0x0808d9c8   0x00000026   Data   RO         5803    .constdata          c_w.l(_printf_fp_hex.o)
    0x0808d9ee   0x0808d9ee   0x00000002   PAD
    0x0808d9f0   0x0808d9f0   0x00000094   Data   RO         5816    .constdata          c_w.l(bigflt0.o)
    0x0808da84   0x0808da84   0x00000036   Data   RO           12    .conststring        app.o
    0x0808daba   0x0808daba   0x00000002   PAD
    0x0808dabc   0x0808dabc   0x00000088   Data   RO          408    .conststring        auto_location.o
    0x0808db44   0x0808db44   0x00000020   Data   RO         6036    Region$$Table       anon$$obj.o
    0x0808db64   0x0808db64   0x00000008   Data   RO         5850    c$$dinf             fz_wm.l(fpconst.o)
    0x0808db6c   0x0808db6c   0x00000008   Data   RO         5853    c$$dmax             fz_wm.l(fpconst.o)
    0x0808db74   0x0808db74   0x00000110   Data   RO         5842    locale$$data        c_w.l(lc_ctype_c.o)
    0x0808dc84   0x0808dc84   0x0000001c   Data   RO         5845    locale$$data        c_w.l(lc_numeric_c.o)


    Execution Region RW_IRAM1 (Exec base: 0x20000000, Load base: 0x0808dca0, Size: 0x000077a0, Max: 0x00030000, ABSOLUTE, COMPRESSED[0x000000b8])

    Exec Addr    Load Addr    Size         Type   Attr      Idx    E Section Name        Object

    0x20000000   COMPRESSED   0x00000024   Data   RW          248    .data               auto_boat_cruise.o
    0x20000024   COMPRESSED   0x00000004   PAD
    0x20000028   COMPRESSED   0x00000058   Data   RW          409    .data               auto_location.o
    0x20000080   COMPRESSED   0x00000004   Data   RW          480    .data               auto_boat.o
    0x20000084   COMPRESSED   0x00000024   Data   RW          527    .data               auto_dist.o
    0x200000a8   COMPRESSED   0x00000004   Data   RW          923    .data               svc_gps.o
    0x200000ac   COMPRESSED   0x00000004   Data   RW          958    .data               svc_dist.o
    0x200000b0   COMPRESSED   0x00000008   Data   RW         1082    .data               svc_hittest.o
    0x200000b8   COMPRESSED   0x00000014   Data   RW         1124    .data               svc_compass.o
    0x200000cc   COMPRESSED   0x00000004   Data   RW         1669    .data               track.o
    0x200000d0   COMPRESSED   0x0000000b   Data   RW         1704    .data               dist.o
    0x200000db   COMPRESSED   0x00000001   PAD
    0x200000dc   COMPRESSED   0x00000008   Data   RW         1749    .data               gps.o
    0x200000e4   COMPRESSED   0x00000001   Data   RW         1817    .data               hmi.o
    0x200000e5   COMPRESSED   0x00000001   Data   RW         1937    .data               rs485.o
    0x200000e6   COMPRESSED   0x00000002   PAD
    0x200000e8   COMPRESSED   0x00000008   Data   RW         3351    .data               log.o
    0x200000f0   COMPRESSED   0x000000fc   Data   RW         3703    .data               uart.o
    0x200001ec   COMPRESSED   0x00000040   Data   RW         3888    .data               i2c.o
    0x2000022c   COMPRESSED   0x000000fc   Data   RW         3952    .data               spi.o
    0x20000328   COMPRESSED   0x00000010   Data   RW         4485    .data               kernel.lib(heap.o)
    0x20000338   COMPRESSED   0x00000008   Data   RW         4500    .data               kernel.lib(kernel.o)
    0x20000340   COMPRESSED   0x00000008   Data   RW         4533    .data               kernel.lib(thread.o)
    0x20000348   COMPRESSED   0x00000010   Data   RW         4862    .data               STM32F429.lib(stm32f4xx_rcc.o)
    0x20000358   COMPRESSED   0x00000020   Data   RW         5372    .data               kernel.lib(sched.o)
    0x20000378        -       0x00000298   Zero   RW           10    .bss                app.o
    0x20000610        -       0x00000060   Zero   RW          247    .bss                auto_boat_cruise.o
    0x20000670        -       0x00003e80   Zero   RW          407    .bss                auto_location.o
    0x200044f0        -       0x00000062   Zero   RW          526    .bss                auto_dist.o
    0x20004552   COMPRESSED   0x00000002   PAD
    0x20004554        -       0x0000000c   Zero   RW         1051    .bss                svc_mpu9250.o
    0x20004560        -       0x00000018   Zero   RW         1081    .bss                svc_hittest.o
    0x20004578        -       0x0000003c   Zero   RW         1123    .bss                svc_compass.o
    0x200045b4        -       0x00000010   Zero   RW         1703    .bss                dist.o
    0x200045c4        -       0x00000104   Zero   RW         1748    .bss                gps.o
    0x200046c8        -       0x00000120   Zero   RW         1816    .bss                hmi.o
    0x200047e8        -       0x00000114   Zero   RW         1936    .bss                rs485.o
    0x200048fc        -       0x00000011   Zero   RW         1980    .bss                sail.o
    0x2000490d        -       0x00000009   Zero   RW         2016    .bss                feed.o
    0x20004916        -       0x00000011   Zero   RW         2051    .bss                batt.o
    0x20004927   COMPRESSED   0x00000001   PAD
    0x20004928        -       0x00000160   Zero   RW         2195    .bss                sha256.o
    0x20004a88        -       0x00002800   Zero   RW         3381    .bss                serial.o
    0x20007288        -       0x000000b4   Zero   RW         3702    .bss                uart.o
    0x2000733c        -       0x00000060   Zero   RW         5776    .bss                c_w.l(libspace.o)
    0x2000739c   COMPRESSED   0x00000004   PAD
    0x200073a0        -       0x00000000   Zero   RW         4430    HEAP                startup_stm32f429_439xx.o
    0x200073a0        -       0x00000400   Zero   RW         4429    STACK               startup_stm32f429_439xx.o


==============================================================================

Image component sizes


      Code (inc. data)   RO Data    RW Data    ZI Data      Debug   Object Name

       608        276         86          0        664      12534   app.o
       204         56          0          0          0       2089   appcfg.o
       460        190          0          4          0       3867   auto_boat.o
       684        164          0         36         96       8693   auto_boat_cruise.o
       950         96          0         36         98       6415   auto_dist.o
      3560        516        136         88      16000       9719   auto_location.o
      1404         86          0          0          0       3560   auto_pid.o
        12          4          0          0         17       1184   batt.o
        54          0          0          0          0       1433   beep.o
       160          0          0          0          0       2939   binconv.o
       308         14          0          0          0      28047   board.o
        36          0          0          0          0        495   bsp.o
        36          6       1312          0          0       1300   crc.o
        78          0          0          0          0       1020   delay.o
       474         44          0         11         16       4928   dist.o
       112         58          0          0          0     309808   fault.o
       312        146          0          0          9       3041   feed.o
       156         16          0          0          0       1885   gpio.o
       704         62          0          8        260       4326   gps.o
       238          0          0          0          0       4097   gt102.o
      1278        246          0          1        288      10825   hmi.o
       806         14          0         64          0       7163   i2c.o
        26          0          0          0          0        480   lm75.o
       228         48          0          8          0       2073   log.o
        96         10          0          0          0       1557   main.o
       482          0          0          0          0      10092   mpu9250.o
        38          0          0          0          0        604   nvic.o
       256         14          0          0          0      28559   port.o
       382        100          0          0          0       4146   protect.o
       602         84          0          1        276       5239   rs485.o
       182          0          0          0          0       2221   rtc.o
       612        266          0          0         17       3742   sail.o
       734          0          0          0          0       1801   sdram.o
       270         40          0          0      10240       4158   serial.o
       630         36        288          0        352       4049   sha256.o
       302         12          0        252          0       4831   spi.o
        60         22        428          0       1024        844   startup_stm32f429_439xx.o
        84         26          0          0          0       1299   svc_485.o
       168         76          0          0          0       2025   svc_auto.o
      1044        334          0         20         60       6316   svc_compass.o
       186         40          0          0          0       1654   svc_daemon.o
       144         38          0          4          0       2220   svc_dist.o
       228         80          0          4          0       2250   svc_gps.o
       344         82          0          8         24       3202   svc_hittest.o
      1388        450          0          0          0       7881   svc_hmi.o
       652        106          0          0         12       2979   svc_mpu9250.o
        88         22          0          0          0       1486   syscfg.o
        88         16          0          0          0        497   system_stm32f4xx.o
        78          0          0          0          0       2448   time.o
       198         12          0          4          0       3216   track.o
       614         32          0        252        180       9449   uart.o
        24          4          0          0          0        908   uuid.o
       582          8          0          0          0       7291   w25qxx.o

    ----------------------------------------------------------------------
     23482       3952       2284        808      29636     558885   Object Totals
         0          0         32          0          0          0   (incl. Generated)
        38          0          2          7          3          0   (incl. Padding)

    ----------------------------------------------------------------------

      Code (inc. data)   RO Data    RW Data    ZI Data      Debug   Library Member Name

       120         14          0          0          0         80   misc.o
        48         12          0          0          0        136   stm32f4xx_flash.o
       452         20          0          0          0        292   stm32f4xx_fmc.o
       214          0          0          0          0        168   stm32f4xx_gpio.o
        12          6          0          0          0         68   stm32f4xx_pwr.o
       720        112          0         16          0       1260   stm32f4xx_rcc.o
       378         32          0          0          0        452   stm32f4xx_rtc.o
        84          0          0          0          0        144   stm32f4xx_spi.o
       156         28          0          0          0        136   stm32f4xx_tim.o
       486          8          0          0          0        668   stm32f4xx_usart.o
        60          8          0          0          0         84   __0sscanf.o
        44          6          0          0          0         84   __2sprintf.o
        90          0          0          0          0          0   __dczerorl2.o
         8          0          0          0          0         68   __main.o
       392          4         17          0          0         92   __printf_flags_ss_wp.o
        14          0          0          0          0         68   __printf_wp.o
         0          0          0          0          0          0   __rtentry.o
        12          0          0          0          0          0   __rtentry2.o
         6          0          0          0          0          0   __rtentry4.o
        52          8          0          0          0          0   __scatter.o
        28          0          0          0          0          0   __scatter_zi.o
        28          0          0          0          0         68   _chval.o
         6          0          0          0          0          0   _printf_a.o
         6          0          0          0          0          0   _printf_c.o
        44          0          0          0          0        108   _printf_char.o
        48          6          0          0          0         96   _printf_char_common.o
        40          0          0          0          0         68   _printf_charcount.o
         6          0          0          0          0          0   _printf_d.o
       120         16          0          0          0         92   _printf_dec.o
         6          0          0          0          0          0   _printf_e.o
         6          0          0          0          0          0   _printf_f.o
      1054          0          0          0          0        216   _printf_fp_dec.o
       764          8         38          0          0        100   _printf_fp_hex.o
       128         16          0          0          0         84   _printf_fp_infnan.o
         6          0          0          0          0          0   _printf_g.o
       148          4         40          0          0        160   _printf_hex_int_ll_ptr.o
         6          0          0          0          0          0   _printf_i.o
       178          0          0          0          0         88   _printf_intcommon.o
        10          0          0          0          0          0   _printf_l.o
         6          0          0          0          0          0   _printf_lc.o
        10          0          0          0          0          0   _printf_ll.o
         6          0          0          0          0          0   _printf_lld.o
         6          0          0          0          0          0   _printf_lli.o
         6          0          0          0          0          0   _printf_llo.o
         6          0          0          0          0          0   _printf_llu.o
         6          0          0          0          0          0   _printf_llx.o
       124         16          0          0          0         92   _printf_longlong_dec.o
         6          0          0          0          0          0   _printf_ls.o
         6          0          0          0          0          0   _printf_n.o
         6          0          0          0          0          0   _printf_o.o
       112         10          0          0          0        124   _printf_oct_int_ll.o
         6          0          0          0          0          0   _printf_p.o
        78          0          0          0          0        108   _printf_pad.o
         0          0          0          0          0          0   _printf_percent.o
         4          0          0          0          0          0   _printf_percent_end.o
         6          0          0          0          0          0   _printf_s.o
        82          0          0          0          0         80   _printf_str.o
        36          0          0          0          0         84   _printf_truncate.o
         6          0          0          0          0          0   _printf_u.o
        44          0          0          0          0        108   _printf_wchar.o
       188          6          8          0          0         92   _printf_wctomb.o
         6          0          0          0          0          0   _printf_x.o
        22          0          0          0          0        100   _rserrno.o
       884          6          0          0          0        100   _scanf.o
       332          0          0          0          0         96   _scanf_int.o
        64          0          0          0          0         84   _sgetc.o
        16          0          0          0          0         68   _snputc.o
        10          0          0          0          0         68   _sputc.o
        64          0          0          0          0         92   _wcrtomb.o
        16          0          0          0          0         68   aeabi_memset.o
       228          4        148          0          0         96   bigflt0.o
      2152        136          0          0          0        960   btod.o
        18          0          0          0          0         80   exit.o
         6          0          0          0          0        152   heapauxi.o
         0          0          0          0          0          0   indicate_semi.o
        18          0          0          0          0         76   isspace.o
        44         10        272          0          0         76   lc_ctype_c.o
        44         10         28          0          0         76   lc_numeric_c.o
         2          0          0          0          0          0   libinit.o
        34          0          0          0          0          0   libinit2.o
         2          0          0          0          0          0   libshutdown.o
         2          0          0          0          0          0   libshutdown2.o
         8          4          0          0         96         68   libspace.o
        38          0          0          0          0         68   llshl.o
       138          0          0          0          0         80   lludiv10.o
        88          0          0          0          0         76   memcmp.o
        16          4          0          0          0         76   rt_ctype_table.o
         8          4          0          0          0         68   rt_errno_addr_intlibspace.o
         8          4          0          0          0         68   rt_locale_intlibspace.o
        68          0          0          0          0         68   rt_memclr.o
        78          0          0          0          0         80   rt_memclr_w.o
       138          0          0          0          0         68   rt_memcpy_v6.o
       100          0          0          0          0         80   rt_memcpy_w.o
         2          0          0          0          0          0   rtexit.o
        10          0          0          0          0          0   rtexit2.o
        44          8          0          0          0         84   scanf_char.o
      1272         16          0          0          0        168   scanf_fp.o
       800         14          0          0          0        100   scanf_hexfp.o
       308         16          0          0          0        100   scanf_infnan.o
        24          0          0          0          0         68   strcat.o
       128          0          0          0          0         68   strcmpv7m.o
        72          0          0          0          0         80   strcpy.o
       150          0          0          0          0         80   strncmp.o
        12          4          0          0          0         68   sys_exit.o
        74          0          0          0          0         80   sys_stackheap_outer.o
         2          0          0          0          0         68   use_no_semi.o
        52          4          0          0          0         80   vsnprintf.o
        24          0          0          0          0        164   basic.o
        98          4          0          0          0        140   d2f.o
       826         16          0          0          0        492   daddsub_clz.o
        16          4          0          0          0        116   dcheck1.o
        24          0          0          0          0        116   dcmpi.o
       688        140          0          0          0        256   ddiv.o
       120          4          0          0          0        140   deqf.o
        94          4          0          0          0        140   dfix.o
        84          0          0          0          0        232   dflt_clz.o
       120          4          0          0          0        140   dleqf.o
       340         12          0          0          0        152   dmul.o
       156          4          0          0          0        140   dnaninf.o
        12          0          0          0          0        116   dretinf.o
       108          0          0          0          0        128   drleqf.o
       408         56          0          0          0        168   dsqrt_umaal.o
        86          4          0          0          0        132   f2d.o
       140          4          0          0          0        132   fnaninf.o
         0          0         16          0          0          0   fpconst.o
        10          0          0          0          0        116   fpinit.o
        10          0          0          0          0        116   fretinf.o
         6          0          0          0          0        116   istatus.o
         4          0          0          0          0        116   printf1.o
         4          0          0          0          0        116   printf2.o
       100          0          0          0          0        116   retnan.o
        92          0          0          0          0        116   scalbn.o
         4          0          0          0          0        116   scanf1.o
         8          0          0          0          0        132   scanf2.o
        48          0          0          0          0        116   trapv.o
         0          0          0          0          0          0   usenofp.o
       156         10          0          0          0        232   cpu.o
        76         10          0          0          0        148   cpu_asm_keil.o
       228         12          0          0          0        636   event.o
       488         50          0         16          0        880   heap.o
       180         36          0          8          0        852   kernel.o
       170          4          0          0          0        380   mutex.o
      1002        108          0         32          0       2848   sched.o
       368         28          0          8          0       1344   thread.o
       864         94         80          0          0        280   asin.o
       744        106        152          0          0        352   atan.o
       496         64          0          0          0        192   atan2.o
       200         20          0          0          0        164   cos.o
       368         46         48          0          0        200   cos_i.o
       184         44          0          0          0        744   dunder.o
        44          0          0          0          0        248   fabs.o
        48          0          0          0          0        124   fpclassify.o
       140         22          0          0          0        132   frexp.o
       228          8          0          0          0        308   ldexp.o
       266         16          0          0          0        308   narrow.o
       248          0          0          0          0        152   poly.o
      3152        296        136          0          0        352   pow.o
         0          0          8          0          0          0   qnan.o
      1080        142        200          0          0        188   rred.o
       200         20          0          0          0        164   sin.o
       304         24         40          0          0        208   sin_i.o
       232          0          0          0          0        296   sqrt.o

    ----------------------------------------------------------------------
     29474       2002       1240         80        100      25416   Library Totals
        46          2          9          0          4          0   (incl. Padding)

    ----------------------------------------------------------------------

      Code (inc. data)   RO Data    RW Data    ZI Data      Debug   Library Name

      2670        232          0         16          0       3404   STM32F429.lib
     11662        352        551          0         96       6200   c_w.l
      3630        256         16          0          0       4080   fz_wm.l
      2668        258          0         64          0       7320   kernel.lib
      8798        902        664          0          0       4412   m_wm.l

    ----------------------------------------------------------------------
     29474       2002       1240         80        100      25416   Library Totals

    ----------------------------------------------------------------------

==============================================================================


      Code (inc. data)   RO Data    RW Data    ZI Data      Debug   

     52956       5954       3524        888      29736     541277   Grand Totals
     52956       5954       3524        184      29736     541277   ELF Image Totals (compressed)
     52956       5954       3524        184          0          0   ROM Totals

==============================================================================

    Total RO  Size (Code + RO Data)                56480 (  55.16kB)
    Total RW  Size (RW Data + ZI Data)             30624 (  29.91kB)
    Total ROM Size (Code + RO Data + RW Data)      56664 (  55.34kB)

==============================================================================

